Archive member included to satisfy reference by file (symbol)

D:/devkitpro/libctru/lib\libcitro3d.a(base.o)
                              main.o (C3D_Init)
D:/devkitpro/libctru/lib\libcitro3d.a(renderqueue.o)
                              D:/devkitpro/libctru/lib\libcitro3d.a(base.o) (C3Di_RenderQueueEnableVBlank)
D:/devkitpro/libctru/lib\libcitro3d.a(texture.o)
                              main.o (C3D_TexBind)
D:/devkitpro/libctru/lib\libcitro3d.a(tex3ds.o)
                              main.o (Tex3DS_TextureImport)
D:/devkitpro/libctru/lib\libcitro3d.a(framebuffer.o)
                              D:/devkitpro/libctru/lib\libcitro3d.a(renderqueue.o) (C3D_CalcColorBufSize)
D:/devkitpro/libctru/lib\libcitro3d.a(texenv.o)
                              main.o (C3D_GetTexEnv)
D:/devkitpro/libctru/lib\libcitro3d.a(buffers.o)
                              main.o (BufInfo_Init)
D:/devkitpro/libctru/lib\libcitro3d.a(drawArrays.o)
                              main.o (C3D_DrawArrays)
D:/devkitpro/libctru/lib\libcitro3d.a(effect.o)
                              D:/devkitpro/libctru/lib\libcitro3d.a(base.o) (C3D_DepthMap)
D:/devkitpro/libctru/lib\libcitro3d.a(attribs.o)
                              main.o (AttrInfo_Init)
D:/devkitpro/libctru/lib\libcitro3d.a(immediate.o)
                              D:/devkitpro/libctru/lib\libcitro3d.a(base.o) (C3D_ImmSendAttrib)
D:/devkitpro/libctru/lib\libcitro3d.a(uniforms.o)
                              D:/devkitpro/libctru/lib\libcitro3d.a(base.o) (C3D_UpdateUniforms)
D:/devkitpro/libctru/lib\libcitro3d.a(mtx_rotatex.o)
                              main.o (Mtx_RotateX)
D:/devkitpro/libctru/lib\libcitro3d.a(mtx_persptilt.o)
                              main.o (Mtx_PerspTilt)
D:/devkitpro/libctru/lib\libcitro3d.a(mtx_translate.o)
                              main.o (Mtx_Translate)
D:/devkitpro/libctru/lib\libcitro3d.a(mtx_rotatez.o)
                              main.o (Mtx_RotateZ)
D:/devkitpro/libctru/lib\libcitro3d.a(mtx_rotatey.o)
                              main.o (Mtx_RotateY)
D:/devkitpro/libctru/lib\libctru.a(vram.o)
                              D:/devkitpro/libctru/lib\libcitro3d.a(renderqueue.o) (vramAlloc)
D:/devkitpro/libctru/lib\libctru.a(linear.o)
                              main.o (linearAlloc)
D:/devkitpro/libctru/lib\libctru.a(mem_pool.o)
                              D:/devkitpro/libctru/lib\libctru.a(vram.o) (MemPool::Allocate(MemChunk&, unsigned long, int))
D:/devkitpro/libctru/lib\libctru.a(os.o)
                              D:/devkitpro/libctru/lib\libcitro3d.a(texture.o) (osConvertVirtToPhys)
D:/devkitpro/libctru/lib\libctru.a(console.o)
                              main.o (consoleInit)
D:/devkitpro/libctru/lib\libctru.a(gfx.o)
                              D:/devkitpro/libctru/lib\libctru.a(console.o) (gfxIsWide)
D:/devkitpro/libctru/lib\libctru.a(thread.o)
                              main.o (threadCreate)
D:/devkitpro/libctru/lib\libctru.a(shaderProgram.o)
                              main.o (shaderInstanceGetUniformLocation)
D:/devkitpro/libctru/lib\libctru.a(shbin.o)
                              main.o (DVLB_ParseFile)
D:/devkitpro/libctru/lib\libctru.a(gx.o)
                              D:/devkitpro/libctru/lib\libcitro3d.a(renderqueue.o) (GX_BindQueue)
D:/devkitpro/libctru/lib\libctru.a(gxqueue.o)
                              D:/devkitpro/libctru/lib\libcitro3d.a(renderqueue.o) (gxCmdQueueClear)
D:/devkitpro/libctru/lib\libctru.a(gpu.o)
                              D:/devkitpro/libctru/lib\libcitro3d.a(base.o) (GPUCMD_Add)
D:/devkitpro/libctru/lib\libctru.a(gspgpu.o)
                              D:/devkitpro/libctru/lib\libctru.a(gfx.o) (gspInit)
D:/devkitpro/libctru/lib\libctru.a(apt.o)
                              D:/devkitpro/libctru/lib\libcitro3d.a(base.o) (aptHook)
D:/devkitpro/libctru/lib\libctru.a(hid.o)
                              main.o (hidScanInput)
D:/devkitpro/libctru/lib\libctru.a(ptmsysm.o)
                              D:/devkitpro/libctru/lib\libctru.a(os.o) (ptmSysmInit)
D:/devkitpro/libctru/lib\libctru.a(decompress.o)
                              D:/devkitpro/libctru/lib\libcitro3d.a(tex3ds.o) (decompressCallback_FD)
D:/devkitpro/libctru/lib\libctru.a(rbtree_init.o)
                              D:/devkitpro/libctru/lib\libctru.a(vram.o) (rbtree_init)
D:/devkitpro/libctru/lib\libctru.a(rbtree_insert.o)
                              D:/devkitpro/libctru/lib\libctru.a(vram.o) (rbtree_insert)
D:/devkitpro/libctru/lib\libctru.a(rbtree_rotate.o)
                              D:/devkitpro/libctru/lib\libctru.a(rbtree_insert.o) (rbtree_rotate)
D:/devkitpro/libctru/lib\libctru.a(rbtree_remove.o)
                              D:/devkitpro/libctru/lib\libctru.a(vram.o) (rbtree_remove)
D:/devkitpro/libctru/lib\libctru.a(rbtree_find.o)
                              D:/devkitpro/libctru/lib\libctru.a(vram.o) (rbtree_find)
[...]
Memory Configuration

Name             Origin             Length             Attributes
*default*        0x0000000000000000 0xffffffffffffffff

Linker script and memory map

                0x0000000000100000                PROVIDE (__start__ = 0x100000)
                0x0000000000100000                . = __start__

.text           0x0000000000100000    0x2f9c4
 *(.crt0)
 .crt0          0x0000000000100000       0x94 d:/devkitpro/devkitarm/bin/../lib/gcc/arm-none-eabi/10.2.0/../../../../arm-none-eabi/lib/armv6k/fpu/3dsx_crt0.o
                0x0000000000100000                _start
                0x0000000000100008                __service_ptr
                0x000000000010000c                __apt_appid
                0x0000000000100010                __heap_size
                0x0000000000100014                __linear_heap_size
                0x0000000000100018                __system_arglist
                0x000000000010001c                __system_runflags
 *(.init)
 .init          0x0000000000100094        0xc d:/devkitpro/devkitarm/bin/../lib/gcc/arm-none-eabi/10.2.0/armv6k/fpu/crti.o
                0x0000000000100094                _init
 .init          0x00000000001000a0        0xc d:/devkitpro/devkitarm/bin/../lib/gcc/arm-none-eabi/10.2.0/armv6k/fpu/crtn.o
                0x00000000001000ac                . = ALIGN (0x4)
 *(.text)
 .text          0x00000000001000ac      0x240 d:/devkitpro/devkitarm/bin/../lib/gcc/arm-none-eabi/10.2.0/armv6k/fpu\libgcc.a(_divsi3.o)
                0x00000000001000ac                __divsi3
                0x00000000001000ac                __aeabi_idiv
                0x00000000001002cc                __aeabi_idivmod
 .text          0x00000000001002ec        0x4 d:/devkitpro/devkitarm/bin/../lib/gcc/arm-none-eabi/10.2.0/armv6k/fpu\libgcc.a(_dvmd_tls.o)
                0x00000000001002ec                __aeabi_idiv0
                0x00000000001002ec                __aeabi_ldiv0
 .text          0x00000000001002f0      0x3c0 d:/devkitpro/devkitarm/bin/../lib/gcc/arm-none-eabi/10.2.0/armv6k/fpu\libgcc.a(_arm_addsubdf3.o)
                0x00000000001002f0                __aeabi_drsub
                0x00000000001002f8                __aeabi_dsub
                0x00000000001002f8                __subdf3
                0x00000000001002fc                __aeabi_dadd
                0x00000000001002fc                __adddf3
                0x00000000001005a8                __floatunsidf
                0x00000000001005a8                __aeabi_ui2d
                0x00000000001005cc                __floatsidf
                0x00000000001005cc                __aeabi_i2d
                0x00000000001005f4                __aeabi_f2d
                0x00000000001005f4                __extendsfdf2
                0x000000000010063c                __floatundidf
                0x000000000010063c                __aeabi_ul2d
                0x0000000000100650                __floatdidf
                0x0000000000100650                __aeabi_l2d
 .text          0x00000000001006b0       0xd4 d:/devkitpro/devkitarm/bin/../lib/gcc/arm-none-eabi/10.2.0/armv6k/fpu\libgcc.a(_aeabi_ldivmod.o)
                0x00000000001006b0                __aeabi_ldivmod
 .text          0x0000000000100784       0x3c d:/devkitpro/devkitarm/bin/../lib/gcc/arm-none-eabi/10.2.0/armv6k/fpu\libgcc.a(_aeabi_uldivmod.o)
                0x0000000000100784                __aeabi_uldivmod
 .text          0x00000000001007c0      0x390 d:/devkitpro/devkitarm/bin/../lib/gcc/arm-none-eabi/10.2.0/../../../../arm-none-eabi/lib/armv6k/fpu\libg.a(lib_a-strcmp.o)
                0x00000000001007c8                strcmp
 .text          0x0000000000100b50      0x20c d:/devkitpro/devkitarm/bin/../lib/gcc/arm-none-eabi/10.2.0/armv6k/fpu\libgcc.a(_udivsi3.o)
                0x0000000000100b50                __aeabi_uidiv
                0x0000000000100b50                __udivsi3
                0x0000000000100d3c                __aeabi_uidivmod
 *(.text.*)
 .text.__do_global_dtors_aux
                0x0000000000100d5c       0x40 d:/devkitpro/devkitarm/bin/../lib/gcc/arm-none-eabi/10.2.0/armv6k/fpu/crtbegin.o
 .text.frame_dummy
                0x0000000000100d9c       0x2c d:/devkitpro/devkitarm/bin/../lib/gcc/arm-none-eabi/10.2.0/armv6k/fpu/crtbegin.o
 .text.lightThreadFunc
                0x0000000000100dc8       0x84 main.o
                0x0000000000100dc8                lightThreadFunc
 .text._fnlGenNoiseSingle2D
                0x0000000000100e4c     0x11f8 main.o
 .text._fnlGenNoiseSingle3D
                0x0000000000102044     0x2638 main.o
 .text.apply_scaled_deadzone
                0x000000000010467c       0xcc main.o
                0x000000000010467c                apply_scaled_deadzone
 .text.print_vertex_info
                0x0000000000104748       0xa4 main.o
                0x0000000000104748                print_vertex_info
 .text.construct_cube
                0x00000000001047ec      0xa4c main.o
                0x00000000001047ec                construct_cube
 .text.fnlGetNoise2D
                0x0000000000105238      0x328 main.o
                0x0000000000105238                fnlGetNoise2D
 .text.fnlGetNoise3D
                0x0000000000105560      0x3c8 main.o
                0x0000000000105560                fnlGetNoise3D
 .text.init_noise_func
                0x0000000000105928      0x130 main.o
                0x0000000000105928                init_noise_func
 .text.sample_world_noise_func
                0x0000000000105a58      0x174 main.o
                0x0000000000105a58                sample_world_noise_func
 .text.generate_chunk
                0x0000000000105bcc      0x114 main.o
                0x0000000000105bcc                generate_chunk
 .text.construct_chunk
                0x0000000000105ce0      0x3b4 main.o
                0x0000000000105ce0                construct_chunk
 .text.default_chunk_circle
                0x0000000000106094       0x64 main.o
                0x0000000000106094                default_chunk_circle
 .text.initLightThread
                0x00000000001060f8       0x4c main.o
                0x00000000001060f8                initLightThread
 .text.killLightThread
                0x0000000000106144       0x48 main.o
                0x0000000000106144                killLightThread
 *fill*         0x000000000010618c        0x4 
 .text.updateControls
                0x0000000000106190      0x34c main.o
                0x0000000000106190                updateControls
 .text.startup.main
                0x00000000001064dc      0x698 main.o
                0x00000000001064dc                main
 .text.C3Di_LightEnvUpdate
                0x0000000000106b74        0x4 D:/devkitpro/libctru/lib\libcitro3d.a(base.o)
                0x0000000000106b74                C3Di_LightEnvUpdate
 .text.C3Di_LightEnvDirty
                0x0000000000106b78        0x4 D:/devkitpro/libctru/lib\libcitro3d.a(base.o)
                0x0000000000106b78                C3Di_LightEnvDirty
 .text.C3Di_ProcTexUpdate
                0x0000000000106b7c        0x4 D:/devkitpro/libctru/lib\libcitro3d.a(base.o)
                0x0000000000106b7c                C3Di_ProcTexUpdate
 .text.C3Di_ProcTexDirty
                0x0000000000106b80        0x4 D:/devkitpro/libctru/lib\libcitro3d.a(base.o)
                0x0000000000106b80                C3Di_ProcTexDirty
 .text.C3Di_AptEventHook
                0x0000000000106b84       0xb4 D:/devkitpro/libctru/lib\libcitro3d.a(base.o)
 .text.C3Di_GasUpdate
                0x0000000000106c38        0x4 D:/devkitpro/libctru/lib\libcitro3d.a(base.o)
                0x0000000000106c38                C3Di_GasUpdate
 .text.C3D_Init
                0x0000000000106c3c      0x1e0 D:/devkitpro/libctru/lib\libcitro3d.a(base.o)
                0x0000000000106c3c                C3D_Init
 .text.C3D_SetViewport
                0x0000000000106e1c       0x98 D:/devkitpro/libctru/lib\libcitro3d.a(base.o)
                0x0000000000106e1c                C3D_SetViewport
 .text.C3Di_UpdateContext
                0x0000000000106eb4      0x4ec D:/devkitpro/libctru/lib\libcitro3d.a(base.o)
                0x0000000000106eb4                C3Di_UpdateContext
 .text.C3Di_SplitFrame
                0x00000000001073a0       0xe0 D:/devkitpro/libctru/lib\libcitro3d.a(base.o)
                0x00000000001073a0                C3Di_SplitFrame
 .text.C3D_Fini
                0x0000000000107480       0x44 D:/devkitpro/libctru/lib\libcitro3d.a(base.o)
                0x0000000000107480                C3D_Fini
 .text.C3D_BindProgram
                0x00000000001074c4      0x108 D:/devkitpro/libctru/lib\libcitro3d.a(base.o)
                0x00000000001074c4                C3D_BindProgram
 .text.onVBlank0
                0x00000000001075cc       0x4c D:/devkitpro/libctru/lib\libcitro3d.a(renderqueue.o)
 .text.onVBlank1
                0x0000000000107618       0x4c D:/devkitpro/libctru/lib\libcitro3d.a(renderqueue.o)
 .text.C3Di_RenderTargetDestroy
                0x0000000000107664       0x80 D:/devkitpro/libctru/lib\libcitro3d.a(renderqueue.o)
 .text.onQueueFinish
                0x00000000001076e4       0xf4 D:/devkitpro/libctru/lib\libcitro3d.a(renderqueue.o)
 .text.C3Di_RenderQueueEnableVBlank
                0x00000000001077d8       0x38 D:/devkitpro/libctru/lib\libcitro3d.a(renderqueue.o)
                0x00000000001077d8                C3Di_RenderQueueEnableVBlank
 .text.C3Di_RenderQueueDisableVBlank
                0x0000000000107810       0x30 D:/devkitpro/libctru/lib\libcitro3d.a(renderqueue.o)
                0x0000000000107810                C3Di_RenderQueueDisableVBlank
 .text.C3Di_RenderQueueInit
                0x0000000000107840       0x60 D:/devkitpro/libctru/lib\libcitro3d.a(renderqueue.o)
                0x0000000000107840                C3Di_RenderQueueInit
 .text.C3Di_RenderQueueExit
                0x00000000001078a0       0xb0 D:/devkitpro/libctru/lib\libcitro3d.a(renderqueue.o)
                0x00000000001078a0                C3Di_RenderQueueExit
 .text.C3Di_RenderQueueWaitDone
                0x0000000000107950       0x34 D:/devkitpro/libctru/lib\libcitro3d.a(renderqueue.o)
                0x0000000000107950                C3Di_RenderQueueWaitDone
 .text.C3D_FrameBegin
                0x0000000000107984       0xe4 D:/devkitpro/libctru/lib\libcitro3d.a(renderqueue.o)
                0x0000000000107984                C3D_FrameBegin
 .text.C3D_FrameDrawOn
                0x0000000000107a68       0x48 D:/devkitpro/libctru/lib\libcitro3d.a(renderqueue.o)
                0x0000000000107a68                C3D_FrameDrawOn
 .text.C3D_FrameEnd
                0x0000000000107ab0      0x1d8 D:/devkitpro/libctru/lib\libcitro3d.a(renderqueue.o)
                0x0000000000107ab0                C3D_FrameEnd
 .text.C3D_RenderTargetCreate
                0x0000000000107c88      0x128 D:/devkitpro/libctru/lib\libcitro3d.a(renderqueue.o)
                0x0000000000107c88                C3D_RenderTargetCreate
 .text.C3D_RenderTargetSetOutput
                0x0000000000107db0       0xa8 D:/devkitpro/libctru/lib\libcitro3d.a(renderqueue.o)
                0x0000000000107db0                C3D_RenderTargetSetOutput
 .text.C3D_SyncTextureCopy
                0x0000000000107e58       0xfc D:/devkitpro/libctru/lib\libcitro3d.a(renderqueue.o)
                0x0000000000107e58                C3D_SyncTextureCopy
 .text.C3D_TexInitWithParams
                0x0000000000107f54      0x2a0 D:/devkitpro/libctru/lib\libcitro3d.a(texture.o)
                0x0000000000107f54                C3D_TexInitWithParams
 .text.C3D_TexLoadImage
                0x00000000001081f4       0xc8 D:/devkitpro/libctru/lib\libcitro3d.a(texture.o)
                0x00000000001081f4                C3D_TexLoadImage
 .text.C3D_TexBind
                0x00000000001082bc       0x44 D:/devkitpro/libctru/lib\libcitro3d.a(texture.o)
                0x00000000001082bc                C3D_TexBind
 .text.C3D_TexDelete
                0x0000000000108300       0x74 D:/devkitpro/libctru/lib\libcitro3d.a(texture.o)
                0x0000000000108300                C3D_TexDelete
 .text.C3Di_SetTex
                0x0000000000108374      0x16c D:/devkitpro/libctru/lib\libcitro3d.a(texture.o)
                0x0000000000108374                C3Di_SetTex
 .text.Tex3DSi_ImportCommon
                0x00000000001084e0      0x3f4 D:/devkitpro/libctru/lib\libcitro3d.a(tex3ds.o)
 .text.Tex3DS_TextureImport
                0x00000000001088d4       0x34 D:/devkitpro/libctru/lib\libcitro3d.a(tex3ds.o)
                0x00000000001088d4                Tex3DS_TextureImport
 .text.Tex3DS_TextureFree
                0x0000000000108908        0x4 D:/devkitpro/libctru/lib\libcitro3d.a(tex3ds.o)
                0x0000000000108908                Tex3DS_TextureFree
 .text.C3D_CalcColorBufSize
                0x000000000010890c       0x1c D:/devkitpro/libctru/lib\libcitro3d.a(framebuffer.o)
                0x000000000010890c                C3D_CalcColorBufSize
 .text.C3D_CalcDepthBufSize
                0x0000000000108928       0x1c D:/devkitpro/libctru/lib\libcitro3d.a(framebuffer.o)
                0x0000000000108928                C3D_CalcDepthBufSize
 .text.C3D_SetFrameBuf
                0x0000000000108944       0x44 D:/devkitpro/libctru/lib\libcitro3d.a(framebuffer.o)
                0x0000000000108944                C3D_SetFrameBuf
 .text.C3Di_FrameBufBind
                0x0000000000108988      0x16c D:/devkitpro/libctru/lib\libcitro3d.a(framebuffer.o)
                0x0000000000108988                C3Di_FrameBufBind
 .text.C3D_FrameBufClear
                0x0000000000108af4       0xcc D:/devkitpro/libctru/lib\libcitro3d.a(framebuffer.o)
                0x0000000000108af4                C3D_FrameBufClear
 .text.C3D_FrameBufTransfer
                0x0000000000108bc0       0x44 D:/devkitpro/libctru/lib\libcitro3d.a(framebuffer.o)
                0x0000000000108bc0                C3D_FrameBufTransfer
 .text.C3D_GetTexEnv
                0x0000000000108c04       0x34 D:/devkitpro/libctru/lib\libcitro3d.a(texenv.o)
                0x0000000000108c04                C3D_GetTexEnv
 .text.C3Di_TexEnvBind
                0x0000000000108c38       0x24 D:/devkitpro/libctru/lib\libcitro3d.a(texenv.o)
                0x0000000000108c38                C3Di_TexEnvBind
 .text.BufInfo_Init
                0x0000000000108c5c       0x24 D:/devkitpro/libctru/lib\libcitro3d.a(buffers.o)
                0x0000000000108c5c                BufInfo_Init
 .text.BufInfo_Add
                0x0000000000108c80       0x80 D:/devkitpro/libctru/lib\libcitro3d.a(buffers.o)
                0x0000000000108c80                BufInfo_Add
 .text.C3D_GetBufInfo
                0x0000000000108d00       0x20 D:/devkitpro/libctru/lib\libcitro3d.a(buffers.o)
                0x0000000000108d00                C3D_GetBufInfo
 .text.C3Di_BufInfoBind
                0x0000000000108d20       0x48 D:/devkitpro/libctru/lib\libcitro3d.a(buffers.o)
                0x0000000000108d20                C3Di_BufInfoBind
 .text.C3D_DrawArrays
                0x0000000000108d68      0x148 D:/devkitpro/libctru/lib\libcitro3d.a(drawArrays.o)
                0x0000000000108d68                C3D_DrawArrays
 .text.C3D_DepthMap
                0x0000000000108eb0       0x40 D:/devkitpro/libctru/lib\libcitro3d.a(effect.o)
                0x0000000000108eb0                C3D_DepthMap
 .text.C3D_CullFace
                0x0000000000108ef0       0x1c D:/devkitpro/libctru/lib\libcitro3d.a(effect.o)
                0x0000000000108ef0                C3D_CullFace
 .text.C3D_StencilTest
                0x0000000000108f0c       0x40 D:/devkitpro/libctru/lib\libcitro3d.a(effect.o)
                0x0000000000108f0c                C3D_StencilTest
 .text.C3D_StencilOp
                0x0000000000108f4c       0x24 D:/devkitpro/libctru/lib\libcitro3d.a(effect.o)
                0x0000000000108f4c                C3D_StencilOp
 .text.C3D_BlendingColor
                0x0000000000108f70       0x1c D:/devkitpro/libctru/lib\libcitro3d.a(effect.o)
                0x0000000000108f70                C3D_BlendingColor
 .text.C3D_EarlyDepthTest
                0x0000000000108f8c       0x24 D:/devkitpro/libctru/lib\libcitro3d.a(effect.o)
                0x0000000000108f8c                C3D_EarlyDepthTest
 .text.C3D_DepthTest
                0x0000000000108fb0       0x2c D:/devkitpro/libctru/lib\libcitro3d.a(effect.o)
                0x0000000000108fb0                C3D_DepthTest
 .text.C3D_AlphaTest
                0x0000000000108fdc       0x2c D:/devkitpro/libctru/lib\libcitro3d.a(effect.o)
                0x0000000000108fdc                C3D_AlphaTest
 .text.C3D_AlphaBlend
                0x0000000000109008       0x50 D:/devkitpro/libctru/lib\libcitro3d.a(effect.o)
                0x0000000000109008                C3D_AlphaBlend
 .text.C3D_FragOpMode
                0x0000000000109058       0x30 D:/devkitpro/libctru/lib\libcitro3d.a(effect.o)
                0x0000000000109058                C3D_FragOpMode
 .text.C3D_FragOpShadow
                0x0000000000109088       0x44 D:/devkitpro/libctru/lib\libcitro3d.a(effect.o)
                0x0000000000109088                C3D_FragOpShadow
 .text.C3Di_EffectBind
                0x00000000001090cc      0x1ac D:/devkitpro/libctru/lib\libcitro3d.a(effect.o)
                0x00000000001090cc                C3Di_EffectBind
 .text.AttrInfo_Init
                0x0000000000109278       0x28 D:/devkitpro/libctru/lib\libcitro3d.a(attribs.o)
                0x0000000000109278                AttrInfo_Init
 .text.AttrInfo_AddLoader
                0x00000000001092a0       0x98 D:/devkitpro/libctru/lib\libcitro3d.a(attribs.o)
                0x00000000001092a0                AttrInfo_AddLoader
 .text.C3D_GetAttrInfo
                0x0000000000109338       0x20 D:/devkitpro/libctru/lib\libcitro3d.a(attribs.o)
                0x0000000000109338                C3D_GetAttrInfo
 .text.C3Di_AttrInfoBind
                0x0000000000109358       0x80 D:/devkitpro/libctru/lib\libcitro3d.a(attribs.o)
                0x0000000000109358                C3Di_AttrInfoBind
 .text.C3D_ImmSendAttrib
                0x00000000001093d8       0xa8 D:/devkitpro/libctru/lib\libcitro3d.a(immediate.o)
                0x00000000001093d8                C3D_ImmSendAttrib
 .text.C3D_UpdateUniforms
                0x0000000000109480      0x29c D:/devkitpro/libctru/lib\libcitro3d.a(uniforms.o)
                0x0000000000109480                C3D_UpdateUniforms
 .text.C3Di_DirtyUniforms
                0x000000000010971c       0xc0 D:/devkitpro/libctru/lib\libcitro3d.a(uniforms.o)
                0x000000000010971c                C3Di_DirtyUniforms
 .text.C3Di_LoadShaderUniforms
                0x00000000001097dc       0xd8 D:/devkitpro/libctru/lib\libcitro3d.a(uniforms.o)
                0x00000000001097dc                C3Di_LoadShaderUniforms
 .text.C3Di_ClearShaderUniforms
                0x00000000001098b4       0x28 D:/devkitpro/libctru/lib\libcitro3d.a(uniforms.o)
                0x00000000001098b4                C3Di_ClearShaderUniforms
 .text.Mtx_RotateX
                0x00000000001098dc       0xa4 D:/devkitpro/libctru/lib\libcitro3d.a(mtx_rotatex.o)
                0x00000000001098dc                Mtx_RotateX
 .text.Mtx_PerspTilt
                0x0000000000109980       0x94 D:/devkitpro/libctru/lib\libcitro3d.a(mtx_persptilt.o)
                0x0000000000109980                Mtx_PerspTilt
 .text.Mtx_Translate
                0x0000000000109a14       0xa0 D:/devkitpro/libctru/lib\libcitro3d.a(mtx_translate.o)
                0x0000000000109a14                Mtx_Translate
 .text.Mtx_RotateZ
                0x0000000000109ab4       0xa0 D:/devkitpro/libctru/lib\libcitro3d.a(mtx_rotatez.o)
                0x0000000000109ab4                Mtx_RotateZ
 .text.Mtx_RotateY
                0x0000000000109b54       0xa0 D:/devkitpro/libctru/lib\libcitro3d.a(mtx_rotatey.o)
                0x0000000000109b54                Mtx_RotateY
 .text._ZL21addrMapNodeComparatorPK11rbtree_nodeS1_
                0x0000000000109bf4       0x24 D:/devkitpro/libctru/lib\libctru.a(vram.o)
 .text._ZL21addrMapNodeDestructorP11rbtree_node
                0x0000000000109c18        0x4 D:/devkitpro/libctru/lib\libctru.a(vram.o)
 .text.vramMemAlign
                0x0000000000109c1c      0x114 D:/devkitpro/libctru/lib\libctru.a(vram.o)
                0x0000000000109c1c                vramMemAlign
 .text.vramAlloc
                0x0000000000109d30        0x8 D:/devkitpro/libctru/lib\libctru.a(vram.o)
                0x0000000000109d30                vramAlloc
 .text.vramFree
                0x0000000000109d38       0x5c D:/devkitpro/libctru/lib\libctru.a(vram.o)
                0x0000000000109d38                vramFree
 .text._ZL21addrMapNodeComparatorPK11rbtree_nodeS1_
                0x0000000000109d94       0x24 D:/devkitpro/libctru/lib\libctru.a(linear.o)
 .text._ZL21addrMapNodeDestructorP11rbtree_node
                0x0000000000109db8        0x4 D:/devkitpro/libctru/lib\libctru.a(linear.o)
 .text.linearMemAlign
                0x0000000000109dbc      0x120 D:/devkitpro/libctru/lib\libctru.a(linear.o)
                0x0000000000109dbc                linearMemAlign
 .text.linearAlloc
                0x0000000000109edc        0x8 D:/devkitpro/libctru/lib\libctru.a(linear.o)
                0x0000000000109edc                linearAlloc
 .text.linearFree
                0x0000000000109ee4       0x5c D:/devkitpro/libctru/lib\libctru.a(linear.o)
                0x0000000000109ee4                linearFree
 .text._ZN7MemPool13CoalesceRightEP8MemBlock
                0x0000000000109f40       0x84 D:/devkitpro/libctru/lib\libctru.a(mem_pool.o)
                0x0000000000109f40                MemPool::CoalesceRight(MemBlock*)
 .text._ZN7MemPool8AllocateER8MemChunkmi
                0x0000000000109fc4      0x170 D:/devkitpro/libctru/lib\libctru.a(mem_pool.o)
                0x0000000000109fc4                MemPool::Allocate(MemChunk&, unsigned long, int)
 .text._ZN7MemPool10DeallocateERK8MemChunk
                0x000000000010a134       0xfc D:/devkitpro/libctru/lib\libctru.a(mem_pool.o)
                0x000000000010a134                MemPool::Deallocate(MemChunk const&)
 .text.osConvertVirtToPhys
                0x000000000010a230       0x74 D:/devkitpro/libctru/lib\libctru.a(os.o)
                0x000000000010a230                osConvertVirtToPhys
 .text.osGetTimeRef
                0x000000000010a2a4       0x54 D:/devkitpro/libctru/lib\libctru.a(os.o)
                0x000000000010a2a4                osGetTimeRef
 .text.osGetTime
                0x000000000010a2f8       0xe4 D:/devkitpro/libctru/lib\libctru.a(os.o)
                0x000000000010a2f8                osGetTime
 .text.__libctru_gtod
                0x000000000010a3dc       0x74 D:/devkitpro/libctru/lib\libctru.a(os.o)
                0x000000000010a3dc                __libctru_gtod
 .text.__ctru_speedup_config
                0x000000000010a450       0x34 D:/devkitpro/libctru/lib\libctru.a(os.o)
                0x000000000010a450                __ctru_speedup_config
 .text.consoleDrawChar
                0x000000000010a484      0x178 D:/devkitpro/libctru/lib\libctru.a(console.o)
                0x000000000010a484                consoleDrawChar
 .text.consolePrintChar
                0x000000000010a5fc      0x124 D:/devkitpro/libctru/lib\libctru.a(console.o)
                0x000000000010a5fc                consolePrintChar
 .text.con_write
                0x000000000010a720      0xa00 D:/devkitpro/libctru/lib\libctru.a(console.o)
                0x000000000010a720                con_write
 .text.consoleInit
                0x000000000010b120      0x168 D:/devkitpro/libctru/lib\libctru.a(console.o)
                0x000000000010b120                consoleInit
 .text.newRow   0x000000000010b288       0xf4 D:/devkitpro/libctru/lib\libctru.a(console.o)
 .text.gfxPresentFramebuffer
                0x000000000010b37c       0xd0 D:/devkitpro/libctru/lib\libctru.a(gfx.o)
 .text.gfxIsWide
                0x000000000010b44c       0x1c D:/devkitpro/libctru/lib\libctru.a(gfx.o)
                0x000000000010b44c                gfxIsWide
 .text.gfxSetScreenFormat
                0x000000000010b468       0xec D:/devkitpro/libctru/lib\libctru.a(gfx.o)
                0x000000000010b468                gfxSetScreenFormat
 .text.gfxSetDoubleBuffering
                0x000000000010b554       0x10 D:/devkitpro/libctru/lib\libctru.a(gfx.o)
                0x000000000010b554                gfxSetDoubleBuffering
 .text.gfxInit  0x000000000010b564      0x108 D:/devkitpro/libctru/lib\libctru.a(gfx.o)
                0x000000000010b564                gfxInit
 .text.gfxInitDefault
                0x000000000010b66c       0x10 D:/devkitpro/libctru/lib\libctru.a(gfx.o)
                0x000000000010b66c                gfxInitDefault
 .text.gfxExit  0x000000000010b67c       0xb4 D:/devkitpro/libctru/lib\libctru.a(gfx.o)
                0x000000000010b67c                gfxExit
 .text.gfxGetFramebuffer
                0x000000000010b730       0xa0 D:/devkitpro/libctru/lib\libctru.a(gfx.o)
                0x000000000010b730                gfxGetFramebuffer
 .text.gfxFlushBuffers
                0x000000000010b7d0      0x10c D:/devkitpro/libctru/lib\libctru.a(gfx.o)
                0x000000000010b7d0                gfxFlushBuffers
 .text.gfxScreenSwapBuffers
                0x000000000010b8dc       0x30 D:/devkitpro/libctru/lib\libctru.a(gfx.o)
                0x000000000010b8dc                gfxScreenSwapBuffers
 .text.gfxSwapBuffersGpu
                0x000000000010b90c       0x50 D:/devkitpro/libctru/lib\libctru.a(gfx.o)
                0x000000000010b90c                gfxSwapBuffersGpu
 .text.threadCreate
                0x000000000010b95c      0x188 D:/devkitpro/libctru/lib\libctru.a(thread.o)
                0x000000000010b95c                threadCreate
 .text.threadFree
                0x000000000010bae4       0x2c D:/devkitpro/libctru/lib\libctru.a(thread.o)
                0x000000000010bae4                threadFree
 .text.threadJoin
                0x000000000010bb10       0x24 D:/devkitpro/libctru/lib\libctru.a(thread.o)
                0x000000000010bb10                threadJoin
 .text.threadGetCurrent
                0x000000000010bb34       0x30 D:/devkitpro/libctru/lib\libctru.a(thread.o)
                0x000000000010bb34                threadGetCurrent
 .text.threadExit
                0x000000000010bb64       0x40 D:/devkitpro/libctru/lib\libctru.a(thread.o)
                0x000000000010bb64                threadExit
 .text._thread_begin
                0x000000000010bba4       0x44 D:/devkitpro/libctru/lib\libctru.a(thread.o)
 .text.shaderInstanceInit
                0x000000000010bbe8      0x1e0 D:/devkitpro/libctru/lib\libctru.a(shaderProgram.o)
                0x000000000010bbe8                shaderInstanceInit
 .text.shaderInstanceGetUniformLocation
                0x000000000010bdc8       0x18 D:/devkitpro/libctru/lib\libctru.a(shaderProgram.o)
                0x000000000010bdc8                shaderInstanceGetUniformLocation
 .text.shaderProgramInit
                0x000000000010bde0       0x1c D:/devkitpro/libctru/lib\libctru.a(shaderProgram.o)
                0x000000000010bde0                shaderProgramInit
 .text.shaderProgramFree
                0x000000000010bdfc       0x64 D:/devkitpro/libctru/lib\libctru.a(shaderProgram.o)
                0x000000000010bdfc                shaderProgramFree
 .text.shaderProgramSetVsh
                0x000000000010be60       0x80 D:/devkitpro/libctru/lib\libctru.a(shaderProgram.o)
                0x000000000010be60                shaderProgramSetVsh
 .text.shaderProgramConfigure
                0x000000000010bee0      0x8c0 D:/devkitpro/libctru/lib\libctru.a(shaderProgram.o)
                0x000000000010bee0                shaderProgramConfigure
 .text.DVLE_GenerateOutmap.part.0
                0x000000000010c7a0      0x1f8 D:/devkitpro/libctru/lib\libctru.a(shbin.o)
 .text.DVLB_ParseFile
                0x000000000010c998      0x1cc D:/devkitpro/libctru/lib\libctru.a(shbin.o)
                0x000000000010c998                DVLB_ParseFile
 .text.DVLB_Free
                0x000000000010cb64       0x38 D:/devkitpro/libctru/lib\libctru.a(shbin.o)
                0x000000000010cb64                DVLB_Free
 .text.DVLE_GetUniformRegister
                0x000000000010cb9c       0x74 D:/devkitpro/libctru/lib\libctru.a(shbin.o)
                0x000000000010cb9c                DVLE_GetUniformRegister
 .text.GX_BindQueue
                0x000000000010cc10       0x10 D:/devkitpro/libctru/lib\libctru.a(gx.o)
                0x000000000010cc10                GX_BindQueue
 .text.GX_ProcessCommandList
                0x000000000010cc20       0x78 D:/devkitpro/libctru/lib\libctru.a(gx.o)
                0x000000000010cc20                GX_ProcessCommandList
 .text.GX_MemoryFill
                0x000000000010cc98       0x74 D:/devkitpro/libctru/lib\libctru.a(gx.o)
                0x000000000010cc98                GX_MemoryFill
 .text.GX_DisplayTransfer
                0x000000000010cd0c       0x70 D:/devkitpro/libctru/lib\libctru.a(gx.o)
                0x000000000010cd0c                GX_DisplayTransfer
 .text.GX_TextureCopy
                0x000000000010cd7c       0x74 D:/devkitpro/libctru/lib\libctru.a(gx.o)
                0x000000000010cd7c                GX_TextureCopy
 .text.gxCmdQueueDoCommands.part.0
                0x000000000010cdf0       0x68 D:/devkitpro/libctru/lib\libctru.a(gxqueue.o)
 .text.gxCmdQueueInterrupt
                0x000000000010ce58       0xc8 D:/devkitpro/libctru/lib\libctru.a(gxqueue.o)
                0x000000000010ce58                gxCmdQueueInterrupt
 .text.gxCmdQueueClear
                0x000000000010cf20       0x4c D:/devkitpro/libctru/lib\libctru.a(gxqueue.o)
                0x000000000010cf20                gxCmdQueueClear
 .text.gxCmdQueueAdd
                0x000000000010cf6c       0xf8 D:/devkitpro/libctru/lib\libctru.a(gxqueue.o)
                0x000000000010cf6c                gxCmdQueueAdd
 .text.gxCmdQueueRun
                0x000000000010d064       0x80 D:/devkitpro/libctru/lib\libctru.a(gxqueue.o)
                0x000000000010d064                gxCmdQueueRun
 .text.gxCmdQueueStop
                0x000000000010d0e4       0x60 D:/devkitpro/libctru/lib\libctru.a(gxqueue.o)
                0x000000000010d0e4                gxCmdQueueStop
 .text.gxCmdQueueWait
                0x000000000010d144       0x74 D:/devkitpro/libctru/lib\libctru.a(gxqueue.o)
                0x000000000010d144                gxCmdQueueWait
 .text.GPUCMD_Add
                0x000000000010d1b8      0x13c D:/devkitpro/libctru/lib\libctru.a(gpu.o)
                0x000000000010d1b8                GPUCMD_Add
 .text.GPUCMD_Split
                0x000000000010d2f4       0xac D:/devkitpro/libctru/lib\libctru.a(gpu.o)
                0x000000000010d2f4                GPUCMD_Split
 .text.f32tof16
                0x000000000010d3a0       0x40 D:/devkitpro/libctru/lib\libctru.a(gpu.o)
                0x000000000010d3a0                f32tof16
 .text.f32tof24
                0x000000000010d3e0       0x40 D:/devkitpro/libctru/lib\libctru.a(gpu.o)
                0x000000000010d3e0                f32tof24
 .text.f32tof31
                0x000000000010d420       0x44 D:/devkitpro/libctru/lib\libctru.a(gpu.o)
                0x000000000010d420                f32tof31
 .text.gspHardwareInit
                0x000000000010d464      0xc58 D:/devkitpro/libctru/lib\libctru.a(gspgpu.o)
 .text.gspInit  0x000000000010e0bc      0x254 D:/devkitpro/libctru/lib\libctru.a(gspgpu.o)
                0x000000000010e0bc                gspInit
 .text.gspExit  0x000000000010e310       0xf0 D:/devkitpro/libctru/lib\libctru.a(gspgpu.o)
                0x000000000010e310                gspExit
 .text.gspHasGpuRight
                0x000000000010e400       0x10 D:/devkitpro/libctru/lib\libctru.a(gspgpu.o)
                0x000000000010e400                gspHasGpuRight
 .text.gspPresentBuffer
                0x000000000010e410       0x98 D:/devkitpro/libctru/lib\libctru.a(gspgpu.o)
                0x000000000010e410                gspPresentBuffer
 .text.gspSetEventCallback
                0x000000000010e4a8       0x30 D:/devkitpro/libctru/lib\libctru.a(gspgpu.o)
                0x000000000010e4a8                gspSetEventCallback
 .text.gspWaitForEvent
                0x000000000010e4d8       0x50 D:/devkitpro/libctru/lib\libctru.a(gspgpu.o)
                0x000000000010e4d8                gspWaitForEvent
 .text.gspWaitForAnyEvent
                0x000000000010e528       0x4c D:/devkitpro/libctru/lib\libctru.a(gspgpu.o)
                0x000000000010e528                gspWaitForAnyEvent
 .text.gspEventThreadMain
                0x000000000010e574      0x160 D:/devkitpro/libctru/lib\libctru.a(gspgpu.o)
 .text.gspSubmitGxCommand
                0x000000000010e6d4      0x130 D:/devkitpro/libctru/lib\libctru.a(gspgpu.o)
                0x000000000010e6d4                gspSubmitGxCommand
 .text.GSPGPU_FlushDataCache
                0x000000000010e804       0x50 D:/devkitpro/libctru/lib\libctru.a(gspgpu.o)
                0x000000000010e804                GSPGPU_FlushDataCache
 .text.GSPGPU_SetLcdForceBlack
                0x000000000010e854       0x34 D:/devkitpro/libctru/lib\libctru.a(gspgpu.o)
                0x000000000010e854                GSPGPU_SetLcdForceBlack
 .text.GSPGPU_AcquireRight
                0x000000000010e888       0x68 D:/devkitpro/libctru/lib\libctru.a(gspgpu.o)
                0x000000000010e888                GSPGPU_AcquireRight
 .text.GSPGPU_ReleaseRight
                0x000000000010e8f0       0x48 D:/devkitpro/libctru/lib\libctru.a(gspgpu.o)
                0x000000000010e8f0                GSPGPU_ReleaseRight
 .text.GSPGPU_ImportDisplayCaptureInfo
                0x000000000010e938       0x7c D:/devkitpro/libctru/lib\libctru.a(gspgpu.o)
                0x000000000010e938                GSPGPU_ImportDisplayCaptureInfo
 .text.GSPGPU_SaveVramSysArea
                0x000000000010e9b4       0x2c D:/devkitpro/libctru/lib\libctru.a(gspgpu.o)
                0x000000000010e9b4                GSPGPU_SaveVramSysArea
 .text.GSPGPU_RestoreVramSysArea
                0x000000000010e9e0       0x2c D:/devkitpro/libctru/lib\libctru.a(gspgpu.o)
                0x000000000010e9e0                GSPGPU_RestoreVramSysArea
 .text.aptConvertScreenForCapture
                0x000000000010ea0c      0x1b0 D:/devkitpro/libctru/lib\libctru.a(apt.o)
 .text.aptDspSleep
                0x000000000010ebbc        0x8 D:/devkitpro/libctru/lib\libctru.a(apt.o)
                0x000000000010ebbc                aptDspSleep
 .text.aptDspWakeup
                0x000000000010ebc4        0x4 D:/devkitpro/libctru/lib\libctru.a(apt.o)
                0x000000000010ebc4                aptDspWakeup
 .text.aptDspCancel
                0x000000000010ebc8        0x4 D:/devkitpro/libctru/lib\libctru.a(apt.o)
                0x000000000010ebc8                aptDspCancel
 .text.aptSendCommand
                0x000000000010ebcc      0x15c D:/devkitpro/libctru/lib\libctru.a(apt.o)
                0x000000000010ebcc                aptSendCommand
 .text.aptExitProcess
                0x000000000010ed28       0x38 D:/devkitpro/libctru/lib\libctru.a(apt.o)
 .text.aptExit  0x000000000010ed60      0x2f0 D:/devkitpro/libctru/lib\libctru.a(apt.o)
                0x000000000010ed60                aptExit
 .text.aptHandleSleep
                0x000000000010f050       0xd8 D:/devkitpro/libctru/lib\libctru.a(apt.o)
                0x000000000010f050                aptHandleSleep
 .text.aptHook  0x000000000010f128       0x30 D:/devkitpro/libctru/lib\libctru.a(apt.o)
                0x000000000010f128                aptHook
 .text.aptUnhook
                0x000000000010f158       0x30 D:/devkitpro/libctru/lib\libctru.a(apt.o)
                0x000000000010f158                aptUnhook
 .text.APT_SleepIfShellClosed
                0x000000000010f188       0x84 D:/devkitpro/libctru/lib\libctru.a(apt.o)
                0x000000000010f188                APT_SleepIfShellClosed
 .text.aptSetSleepAllowed
                0x000000000010f20c       0x84 D:/devkitpro/libctru/lib\libctru.a(apt.o)
                0x000000000010f20c                aptSetSleepAllowed
 .text.APT_UnlockTransition
                0x000000000010f290       0x84 D:/devkitpro/libctru/lib\libctru.a(apt.o)
                0x000000000010f290                APT_UnlockTransition
 *fill*         0x000000000010f314        0x4 
 .text.aptEventHandler
                0x000000000010f318      0x484 D:/devkitpro/libctru/lib\libctru.a(apt.o)
 .text.APT_ReceiveParameter
                0x000000000010f79c       0xb0 D:/devkitpro/libctru/lib\libctru.a(apt.o)
                0x000000000010f79c                APT_ReceiveParameter
 .text.aptReceiveParameter.constprop.0
                0x000000000010f84c       0xb0 D:/devkitpro/libctru/lib\libctru.a(apt.o)
 *fill*         0x000000000010f8fc        0x4 
 .text.aptScreenTransfer
                0x000000000010f900      0x2bc D:/devkitpro/libctru/lib\libctru.a(apt.o)
 .text.aptWaitForWakeUp.isra.0
                0x000000000010fbbc      0x2d0 D:/devkitpro/libctru/lib\libctru.a(apt.o)
 .text.aptJumpToHomeMenu
                0x000000000010fe8c       0xf8 D:/devkitpro/libctru/lib\libctru.a(apt.o)
                0x000000000010fe8c                aptJumpToHomeMenu
 .text.aptMainLoop
                0x000000000010ff84       0x4c D:/devkitpro/libctru/lib\libctru.a(apt.o)
                0x000000000010ff84                aptMainLoop
 .text.aptInit  0x000000000010ffd0      0x234 D:/devkitpro/libctru/lib\libctru.a(apt.o)
                0x000000000010ffd0                aptInit
 .text.APT_CheckNew3DS
                0x0000000000110204       0x7c D:/devkitpro/libctru/lib\libctru.a(apt.o)
                0x0000000000110204                APT_CheckNew3DS
 .text.hidShouldUseIrrst
                0x0000000000110280       0x24 D:/devkitpro/libctru/lib\libctru.a(hid.o)
                0x0000000000110280                hidShouldUseIrrst
 .text.hidInit  0x00000000001102a4      0x18c D:/devkitpro/libctru/lib\libctru.a(hid.o)
                0x00000000001102a4                hidInit
 .text.hidExit  0x0000000000110430       0xe8 D:/devkitpro/libctru/lib\libctru.a(hid.o)
                0x0000000000110430                hidExit
 .text.hidScanInput
                0x0000000000110518      0x294 D:/devkitpro/libctru/lib\libctru.a(hid.o)
                0x0000000000110518                hidScanInput
 .text.hidKeysHeld
                0x00000000001107ac       0x10 D:/devkitpro/libctru/lib\libctru.a(hid.o)
                0x00000000001107ac                hidKeysHeld
 .text.hidKeysDown
                0x00000000001107bc       0x10 D:/devkitpro/libctru/lib\libctru.a(hid.o)
                0x00000000001107bc                hidKeysDown
 .text.hidTouchRead
                0x00000000001107cc       0x18 D:/devkitpro/libctru/lib\libctru.a(hid.o)
                0x00000000001107cc                hidTouchRead
 .text.hidCircleRead
                0x00000000001107e4       0x18 D:/devkitpro/libctru/lib\libctru.a(hid.o)
                0x00000000001107e4                hidCircleRead
 .text.ptmSysmInit
                0x00000000001107fc       0x74 D:/devkitpro/libctru/lib\libctru.a(ptmsysm.o)
                0x00000000001107fc                ptmSysmInit
 .text.ptmSysmExit
                0x0000000000110870       0x3c D:/devkitpro/libctru/lib\libctru.a(ptmsysm.o)
                0x0000000000110870                ptmSysmExit
 .text.PTMSYSM_ConfigureNew3DSCPU
                0x00000000001108ac       0x34 D:/devkitpro/libctru/lib\libctru.a(ptmsysm.o)
                0x00000000001108ac                PTMSYSM_ConfigureNew3DSCPU
 .text.buffer_read
                0x00000000001108e0       0xcc D:/devkitpro/libctru/lib\libctru.a(decompress.o)
 .text.iov_read
                0x00000000001109ac       0xd0 D:/devkitpro/libctru/lib\libctru.a(decompress.o)
 .text.iov_memmove
                0x0000000000110a7c      0x128 D:/devkitpro/libctru/lib\libctru.a(decompress.o)
 .text.decompress_rle
                0x0000000000110ba4      0x1d8 D:/devkitpro/libctru/lib\libctru.a(decompress.o)
 .text.decompress_lzss
                0x0000000000110d7c      0x258 D:/devkitpro/libctru/lib\libctru.a(decompress.o)
 .text.decompress_huff.part.0
                0x0000000000110fd4      0x2ec D:/devkitpro/libctru/lib\libctru.a(decompress.o)
 .text.decompress_lz11
                0x00000000001112c0      0x440 D:/devkitpro/libctru/lib\libctru.a(decompress.o)
 .text.decompressHeader
                0x0000000000111700       0xe4 D:/devkitpro/libctru/lib\libctru.a(decompress.o)
                0x0000000000111700                decompressHeader
 .text.decompressV
                0x00000000001117e4      0x250 D:/devkitpro/libctru/lib\libctru.a(decompress.o)
                0x00000000001117e4                decompressV
 .text.rbtree_init
                0x0000000000111a34       0x10 D:/devkitpro/libctru/lib\libctru.a(rbtree_init.o)
                0x0000000000111a34                rbtree_init
 .text.do_insert
                0x0000000000111a44      0x1a0 D:/devkitpro/libctru/lib\libctru.a(rbtree_insert.o)
 .text.rbtree_insert
                0x0000000000111be4        0x8 D:/devkitpro/libctru/lib\libctru.a(rbtree_insert.o)
                0x0000000000111be4                rbtree_insert
 .text.rbtree_rotate
                0x0000000000111bec       0x90 D:/devkitpro/libctru/lib\libctru.a(rbtree_rotate.o)
                0x0000000000111bec                rbtree_rotate
 .text.rbtree_remove
                0x0000000000111c7c      0x338 D:/devkitpro/libctru/lib\libctru.a(rbtree_remove.o)
                0x0000000000111c7c                rbtree_remove
 .text.rbtree_find
                0x0000000000111fb4       0x74 D:/devkitpro/libctru/lib\libctru.a(rbtree_find.o)
                0x0000000000111fb4                rbtree_find
 .text.__system_allocateHeaps
                0x0000000000112028      0x1e0 D:/devkitpro/libctru/lib\libctru.a(allocateHeaps.o)
                0x0000000000112028                __system_allocateHeaps
 .text.__libctru_init
                0x0000000000112208       0x38 D:/devkitpro/libctru/lib\libctru.a(ctru_init.o)
                0x0000000000112208                __libctru_init
 .text.__system_initArgv
                0x0000000000112240       0xf0 D:/devkitpro/libctru/lib\libctru.a(initArgv.o)
                0x0000000000112240                __system_initArgv
 .text.svcControlMemory
                0x0000000000112330       0x20 D:/devkitpro/libctru/lib\libctru.a(svc.o)
                0x0000000000112330                svcControlMemory
 .text.svcQueryMemory
                0x0000000000112350       0x30 D:/devkitpro/libctru/lib\libctru.a(svc.o)
                0x0000000000112350                svcQueryMemory
 .text.svcExitProcess
                0x0000000000112380        0x8 D:/devkitpro/libctru/lib\libctru.a(svc.o)
                0x0000000000112380                svcExitProcess
 .text.svcCreateThread
                0x0000000000112388       0x20 D:/devkitpro/libctru/lib\libctru.a(svc.o)
                0x0000000000112388                svcCreateThread
 .text.svcExitThread
                0x00000000001123a8        0x8 D:/devkitpro/libctru/lib\libctru.a(svc.o)
                0x00000000001123a8                svcExitThread
 .text.svcSleepThread
                0x00000000001123b0        0x8 D:/devkitpro/libctru/lib\libctru.a(svc.o)
                0x00000000001123b0                svcSleepThread
 .text.svcReleaseMutex
                0x00000000001123b8        0x8 D:/devkitpro/libctru/lib\libctru.a(svc.o)
                0x00000000001123b8                svcReleaseMutex
 .text.svcCreateEvent
                0x00000000001123c0       0x14 D:/devkitpro/libctru/lib\libctru.a(svc.o)
                0x00000000001123c0                svcCreateEvent
 .text.svcSignalEvent
                0x00000000001123d4        0x8 D:/devkitpro/libctru/lib\libctru.a(svc.o)
                0x00000000001123d4                svcSignalEvent
 .text.svcClearEvent
                0x00000000001123dc        0x8 D:/devkitpro/libctru/lib\libctru.a(svc.o)
                0x00000000001123dc                svcClearEvent
 .text.svcMapMemoryBlock
                0x00000000001123e4        0x8 D:/devkitpro/libctru/lib\libctru.a(svc.o)
                0x00000000001123e4                svcMapMemoryBlock
 .text.svcUnmapMemoryBlock
                0x00000000001123ec        0x8 D:/devkitpro/libctru/lib\libctru.a(svc.o)
                0x00000000001123ec                svcUnmapMemoryBlock
 .text.svcCreateAddressArbiter
                0x00000000001123f4       0x14 D:/devkitpro/libctru/lib\libctru.a(svc.o)
                0x00000000001123f4                svcCreateAddressArbiter
 .text.svcArbitrateAddressNoTimeout
                0x0000000000112408        0x8 D:/devkitpro/libctru/lib\libctru.a(svc.o)
                0x0000000000112408                svcArbitrateAddressNoTimeout
 .text.svcCloseHandle
                0x0000000000112410        0x8 D:/devkitpro/libctru/lib\libctru.a(svc.o)
                0x0000000000112410                svcCloseHandle
 .text.svcWaitSynchronization
                0x0000000000112418        0x8 D:/devkitpro/libctru/lib\libctru.a(svc.o)
                0x0000000000112418                svcWaitSynchronization
 .text.svcWaitSynchronizationN
                0x0000000000112420       0x28 D:/devkitpro/libctru/lib\libctru.a(svc.o)
                0x0000000000112420                svcWaitSynchronizationN
 .text.svcDuplicateHandle
                0x0000000000112448       0x14 D:/devkitpro/libctru/lib\libctru.a(svc.o)
                0x0000000000112448                svcDuplicateHandle
 .text.svcGetSystemTick
                0x000000000011245c        0x8 D:/devkitpro/libctru/lib\libctru.a(svc.o)
                0x000000000011245c                svcGetSystemTick
 .text.svcConnectToPort
                0x0000000000112464       0x14 D:/devkitpro/libctru/lib\libctru.a(svc.o)
                0x0000000000112464                svcConnectToPort
 .text.svcSendSyncRequest
                0x0000000000112478        0x8 D:/devkitpro/libctru/lib\libctru.a(svc.o)
                0x0000000000112478                svcSendSyncRequest
 .text.svcGetResourceLimit
                0x0000000000112480       0x14 D:/devkitpro/libctru/lib\libctru.a(svc.o)
                0x0000000000112480                svcGetResourceLimit
 .text.svcGetResourceLimitLimitValues
                0x0000000000112494        0x8 D:/devkitpro/libctru/lib\libctru.a(svc.o)
                0x0000000000112494                svcGetResourceLimitLimitValues
 .text.svcGetResourceLimitCurrentValues
                0x000000000011249c        0x8 D:/devkitpro/libctru/lib\libctru.a(svc.o)
                0x000000000011249c                svcGetResourceLimitCurrentValues
 .text.svcBreak
                0x00000000001124a4        0x8 D:/devkitpro/libctru/lib\libctru.a(svc.o)
                0x00000000001124a4                svcBreak
 .text.initSystem
                0x00000000001124ac       0x50 D:/devkitpro/libctru/lib\libctru.a(stack_adjust.o)
                0x00000000001124ac                initSystem
 .text.__ctru_exit
                0x00000000001124fc       0x18 D:/devkitpro/libctru/lib\libctru.a(stack_adjust.o)
                0x00000000001124fc                __ctru_exit
 .text.__sync_init
                0x0000000000112514        0xc D:/devkitpro/libctru/lib\libctru.a(synchronization.o)
                0x0000000000112514                __sync_init
 .text.__sync_fini
                0x0000000000112520       0x18 D:/devkitpro/libctru/lib\libctru.a(synchronization.o)
                0x0000000000112520                __sync_fini
 .text.syncArbitrateAddress
                0x0000000000112538       0x2c D:/devkitpro/libctru/lib\libctru.a(synchronization.o)
                0x0000000000112538                syncArbitrateAddress
 .text.LightLock_Init
                0x0000000000112564       0x1c D:/devkitpro/libctru/lib\libctru.a(synchronization.o)
                0x0000000000112564                LightLock_Init
 .text.LightLock_Lock
                0x0000000000112580       0x94 D:/devkitpro/libctru/lib\libctru.a(synchronization.o)
                0x0000000000112580                LightLock_Lock
 .text.LightLock_TryLock
                0x0000000000112614       0x44 D:/devkitpro/libctru/lib\libctru.a(synchronization.o)
                0x0000000000112614                LightLock_TryLock
 .text.LightLock_Unlock
                0x0000000000112658       0x40 D:/devkitpro/libctru/lib\libctru.a(synchronization.o)
                0x0000000000112658                LightLock_Unlock
 .text.RecursiveLock_Init
                0x0000000000112698       0x24 D:/devkitpro/libctru/lib\libctru.a(synchronization.o)
                0x0000000000112698                RecursiveLock_Init
 .text.RecursiveLock_Lock
                0x00000000001126bc       0x30 D:/devkitpro/libctru/lib\libctru.a(synchronization.o)
                0x00000000001126bc                RecursiveLock_Lock
 .text.RecursiveLock_TryLock
                0x00000000001126ec       0x78 D:/devkitpro/libctru/lib\libctru.a(synchronization.o)
                0x00000000001126ec                RecursiveLock_TryLock
 .text.RecursiveLock_Unlock
                0x0000000000112764       0x54 D:/devkitpro/libctru/lib\libctru.a(synchronization.o)
                0x0000000000112764                RecursiveLock_Unlock
 .text.LightEvent_Init
                0x00000000001127b8       0x40 D:/devkitpro/libctru/lib\libctru.a(synchronization.o)
                0x00000000001127b8                LightEvent_Init
 .text.LightEvent_Clear
                0x00000000001127f8       0xa4 D:/devkitpro/libctru/lib\libctru.a(synchronization.o)
                0x00000000001127f8                LightEvent_Clear
 .text.LightEvent_Signal
                0x000000000011289c       0xc8 D:/devkitpro/libctru/lib\libctru.a(synchronization.o)
                0x000000000011289c                LightEvent_Signal
 .text.LightEvent_TryWait
                0x0000000000112964       0x58 D:/devkitpro/libctru/lib\libctru.a(synchronization.o)
                0x0000000000112964                LightEvent_TryWait
 .text.LightEvent_Wait
                0x00000000001129bc       0xb0 D:/devkitpro/libctru/lib\libctru.a(synchronization.o)
                0x00000000001129bc                LightEvent_Wait
 .text.srvInit  0x0000000000112a6c      0x124 D:/devkitpro/libctru/lib\libctru.a(srv.o)
                0x0000000000112a6c                srvInit
 .text.srvExit  0x0000000000112b90       0x58 D:/devkitpro/libctru/lib\libctru.a(srv.o)
                0x0000000000112b90                srvExit
 .text.srvGetServiceHandleDirect
                0x0000000000112be8       0x80 D:/devkitpro/libctru/lib\libctru.a(srv.o)
                0x0000000000112be8                srvGetServiceHandleDirect
 .text.srvGetServiceHandle
                0x0000000000112c68       0x48 D:/devkitpro/libctru/lib\libctru.a(srv.o)
                0x0000000000112c68                srvGetServiceHandle
 .text.srvPublishToSubscriber
                0x0000000000112cb0       0x38 D:/devkitpro/libctru/lib\libctru.a(srv.o)
                0x0000000000112cb0                srvPublishToSubscriber
 .text.mappableFindAddressWithin
                0x0000000000112ce8       0x94 D:/devkitpro/libctru/lib\libctru.a(mappable.o)
 .text.mappableInit
                0x0000000000112d7c       0x28 D:/devkitpro/libctru/lib\libctru.a(mappable.o)
                0x0000000000112d7c                mappableInit
 .text.mappableAlloc
                0x0000000000112da4       0x80 D:/devkitpro/libctru/lib\libctru.a(mappable.o)
                0x0000000000112da4                mappableAlloc
 .text.mappableFree
                0x0000000000112e24        0x4 D:/devkitpro/libctru/lib\libctru.a(mappable.o)
                0x0000000000112e24                mappableFree
 .text.irrstInit
                0x0000000000112e28      0x160 D:/devkitpro/libctru/lib\libctru.a(irrst.o)
                0x0000000000112e28                irrstInit
 .text.irrstExit
                0x0000000000112f88       0xcc D:/devkitpro/libctru/lib\libctru.a(irrst.o)
                0x0000000000112f88                irrstExit
 .text.irrstScanInput
                0x0000000000113054       0xb0 D:/devkitpro/libctru/lib\libctru.a(irrst.o)
                0x0000000000113054                irrstScanInput
 .text.irrstKeysHeld
                0x0000000000113104       0x24 D:/devkitpro/libctru/lib\libctru.a(irrst.o)
                0x0000000000113104                irrstKeysHeld
 .text.srvPmGetSessionHandle
                0x0000000000113128        0xc D:/devkitpro/libctru/lib\libctru.a(srvpm.o)
                0x0000000000113128                srvPmGetSessionHandle
 .text.rbtree_node_next
                0x0000000000113134       0x50 D:/devkitpro/libctru/lib\libctru.a(rbtree_iterator.o)
                0x0000000000113134                rbtree_node_next
 .text.__appInit
                0x0000000000113184       0x30 D:/devkitpro/libctru/lib\libctru.a(appInit.o)
                0x0000000000113184                __appInit
 .text.__libctru_nanosleep
                0x00000000001131b4       0x30 D:/devkitpro/libctru/lib\libctru.a(syscalls.o)
 .text.__libctru_get_reent
                0x00000000001131e4       0x30 D:/devkitpro/libctru/lib\libctru.a(syscalls.o)
 .text.__system_initSyscalls
                0x0000000000113214       0xf8 D:/devkitpro/libctru/lib\libctru.a(syscalls.o)
                0x0000000000113214                __system_initSyscalls
 .text.__appExit
                0x000000000011330c       0x30 D:/devkitpro/libctru/lib\libctru.a(appExit.o)
                0x000000000011330c                __appExit
 .text.__libctru_exit
                0x000000000011333c       0x90 D:/devkitpro/libctru/lib\libctru.a(ctru_exit.o)
                0x000000000011333c                __libctru_exit
 .text.envGetHandle
                0x00000000001133cc       0x84 D:/devkitpro/libctru/lib\libctru.a(env.o)
                0x00000000001133cc                envGetHandle
 .text.envDestroyHandles
                0x0000000000113450       0x50 D:/devkitpro/libctru/lib\libctru.a(env.o)
                0x0000000000113450                envDestroyHandles
 .text.archive_link
                0x00000000001134a0       0x14 D:/devkitpro/libctru/lib\libctru.a(archive_dev.o)
 .text.archive_dirreset
                0x00000000001134b4       0x14 D:/devkitpro/libctru/lib\libctru.a(archive_dev.o)
 .text.archive_chmod
                0x00000000001134c8       0x14 D:/devkitpro/libctru/lib\libctru.a(archive_dev.o)
 .text.error_cmp
                0x00000000001134dc       0x24 D:/devkitpro/libctru/lib\libctru.a(archive_dev.o)
 .text.archive_translate_error
                0x0000000000113500       0x50 D:/devkitpro/libctru/lib\libctru.a(archive_dev.o)
 .text.archive_seek
                0x0000000000113550       0xd4 D:/devkitpro/libctru/lib\libctru.a(archive_dev.o)
 .text._archiveInit.part.0
                0x0000000000113624       0x7c D:/devkitpro/libctru/lib\libctru.a(archive_dev.o)
 .text.archiveFindDevice.part.0
                0x00000000001136a0       0x8c D:/devkitpro/libctru/lib\libctru.a(archive_dev.o)
 .text.archive_utf16path
                0x000000000011372c      0x294 D:/devkitpro/libctru/lib\libctru.a(archive_dev.o)
 .text._archiveUnmountDeviceStruct.part.0
                0x00000000001139c0       0xa0 D:/devkitpro/libctru/lib\libctru.a(archive_dev.o)
 .text.archive_fchmod
                0x0000000000113a60       0x14 D:/devkitpro/libctru/lib\libctru.a(archive_dev.o)
 .text.archive_statvfs
                0x0000000000113a74       0x14 D:/devkitpro/libctru/lib\libctru.a(archive_dev.o)
 .text._archiveMountDevice
                0x0000000000113a88      0x158 D:/devkitpro/libctru/lib\libctru.a(archive_dev.o)
 .text.archive_diropen
                0x0000000000113be0       0xe8 D:/devkitpro/libctru/lib\libctru.a(archive_dev.o)
 .text.archive_fstat
                0x0000000000113cc8       0xa4 D:/devkitpro/libctru/lib\libctru.a(archive_dev.o)
 .text.archive_close
                0x0000000000113d6c       0x6c D:/devkitpro/libctru/lib\libctru.a(archive_dev.o)
 .text.archive_fsync
                0x0000000000113dd8       0x6c D:/devkitpro/libctru/lib\libctru.a(archive_dev.o)
 .text.archive_dirclose
                0x0000000000113e44       0x70 D:/devkitpro/libctru/lib\libctru.a(archive_dev.o)
 .text.sdmc_statvfs
                0x0000000000113eb4       0xe8 D:/devkitpro/libctru/lib\libctru.a(archive_dev.o)
 .text.archive_ftruncate
                0x0000000000113f9c       0x80 D:/devkitpro/libctru/lib\libctru.a(archive_dev.o)
 .text.archive_chdir
                0x000000000011401c       0xfc D:/devkitpro/libctru/lib\libctru.a(archive_dev.o)
 .text.archive_read
                0x0000000000114118       0xb0 D:/devkitpro/libctru/lib\libctru.a(archive_dev.o)
 .text.archive_unlink
                0x00000000001141c8       0xac D:/devkitpro/libctru/lib\libctru.a(archive_dev.o)
 .text.archive_rmdir
                0x0000000000114274       0xc8 D:/devkitpro/libctru/lib\libctru.a(archive_dev.o)
 .text.archive_mkdir
                0x000000000011433c       0xec D:/devkitpro/libctru/lib\libctru.a(archive_dev.o)
 .text.archive_stat
                0x0000000000114428      0x1a8 D:/devkitpro/libctru/lib\libctru.a(archive_dev.o)
 .text.archive_rename
                0x00000000001145d0      0x184 D:/devkitpro/libctru/lib\libctru.a(archive_dev.o)
 .text.archive_dirnext
                0x0000000000114754      0x168 D:/devkitpro/libctru/lib\libctru.a(archive_dev.o)
 .text.archive_write
                0x00000000001148bc      0x12c D:/devkitpro/libctru/lib\libctru.a(archive_dev.o)
 .text.archive_open
                0x00000000001149e8      0x1f0 D:/devkitpro/libctru/lib\libctru.a(archive_dev.o)
 .text.archiveMountSdmc
                0x0000000000114bd8      0x1a4 D:/devkitpro/libctru/lib\libctru.a(archive_dev.o)
                0x0000000000114bd8                archiveMountSdmc
 .text.archiveUnmountAll
                0x0000000000114d7c       0x54 D:/devkitpro/libctru/lib\libctru.a(archive_dev.o)
                0x0000000000114d7c                archiveUnmountAll
 .text.fsInit   0x0000000000114dd0       0xc8 D:/devkitpro/libctru/lib\libctru.a(fs.o)
                0x0000000000114dd0                fsInit
 .text.fsExit   0x0000000000114e98       0x3c D:/devkitpro/libctru/lib\libctru.a(fs.o)
                0x0000000000114e98                fsExit
 .text.fsExemptFromSession
                0x0000000000114ed4       0x60 D:/devkitpro/libctru/lib\libctru.a(fs.o)
                0x0000000000114ed4                fsExemptFromSession
 .text.fsUnexemptFromSession
                0x0000000000114f34       0x50 D:/devkitpro/libctru/lib\libctru.a(fs.o)
                0x0000000000114f34                fsUnexemptFromSession
 .text.FSUSER_OpenFile
                0x0000000000114f84       0xcc D:/devkitpro/libctru/lib\libctru.a(fs.o)
                0x0000000000114f84                FSUSER_OpenFile
 .text.FSUSER_DeleteFile
                0x0000000000115050       0xbc D:/devkitpro/libctru/lib\libctru.a(fs.o)
                0x0000000000115050                FSUSER_DeleteFile
 .text.FSUSER_RenameFile
                0x000000000011510c       0xf8 D:/devkitpro/libctru/lib\libctru.a(fs.o)
                0x000000000011510c                FSUSER_RenameFile
 .text.FSUSER_DeleteDirectory
                0x0000000000115204       0xbc D:/devkitpro/libctru/lib\libctru.a(fs.o)
                0x0000000000115204                FSUSER_DeleteDirectory
 .text.FSUSER_CreateFile
                0x00000000001152c0       0xd4 D:/devkitpro/libctru/lib\libctru.a(fs.o)
                0x00000000001152c0                FSUSER_CreateFile
 .text.FSUSER_CreateDirectory
                0x0000000000115394       0xc4 D:/devkitpro/libctru/lib\libctru.a(fs.o)
                0x0000000000115394                FSUSER_CreateDirectory
 .text.FSUSER_RenameDirectory
                0x0000000000115458       0xf8 D:/devkitpro/libctru/lib\libctru.a(fs.o)
                0x0000000000115458                FSUSER_RenameDirectory
 .text.FSUSER_OpenDirectory
                0x0000000000115550       0xb4 D:/devkitpro/libctru/lib\libctru.a(fs.o)
                0x0000000000115550                FSUSER_OpenDirectory
 .text.FSUSER_OpenArchive
                0x0000000000115604       0x94 D:/devkitpro/libctru/lib\libctru.a(fs.o)
                0x0000000000115604                FSUSER_OpenArchive
 .text.FSUSER_CloseArchive
                0x0000000000115698       0x8c D:/devkitpro/libctru/lib\libctru.a(fs.o)
                0x0000000000115698                FSUSER_CloseArchive
 .text.FSUSER_GetSdmcArchiveResource
                0x0000000000115724       0x74 D:/devkitpro/libctru/lib\libctru.a(fs.o)
                0x0000000000115724                FSUSER_GetSdmcArchiveResource
 .text.FSUSER_IsSdmcWritable
                0x0000000000115798       0x64 D:/devkitpro/libctru/lib\libctru.a(fs.o)
                0x0000000000115798                FSUSER_IsSdmcWritable
 .text.FSFILE_Read
                0x00000000001157fc       0x58 D:/devkitpro/libctru/lib\libctru.a(fs.o)
                0x00000000001157fc                FSFILE_Read
 .text.FSFILE_Write
                0x0000000000115854       0x60 D:/devkitpro/libctru/lib\libctru.a(fs.o)
                0x0000000000115854                FSFILE_Write
 .text.FSFILE_GetSize
                0x00000000001158b4       0x38 D:/devkitpro/libctru/lib\libctru.a(fs.o)
                0x00000000001158b4                FSFILE_GetSize
 .text.FSFILE_SetSize
                0x00000000001158ec       0x28 D:/devkitpro/libctru/lib\libctru.a(fs.o)
                0x00000000001158ec                FSFILE_SetSize
 .text.FSFILE_Close
                0x0000000000115914       0x3c D:/devkitpro/libctru/lib\libctru.a(fs.o)
                0x0000000000115914                FSFILE_Close
 .text.FSFILE_Flush
                0x0000000000115950       0x24 D:/devkitpro/libctru/lib\libctru.a(fs.o)
                0x0000000000115950                FSFILE_Flush
 .text.FSDIR_Read
                0x0000000000115974       0x50 D:/devkitpro/libctru/lib\libctru.a(fs.o)
                0x0000000000115974                FSDIR_Read
 .text.FSDIR_Close
                0x00000000001159c4       0x3c D:/devkitpro/libctru/lib\libctru.a(fs.o)
                0x00000000001159c4                FSDIR_Close
 .text.utf16_to_utf8
                0x0000000000115a00       0xe8 D:/devkitpro/libctru/lib\libctru.a(utf16_to_utf8.o)
                0x0000000000115a00                utf16_to_utf8
 .text.decode_utf16
                0x0000000000115ae8       0x64 D:/devkitpro/libctru/lib\libctru.a(decode_utf16.o)
                0x0000000000115ae8                decode_utf16
 .text.decode_utf8
                0x0000000000115b4c      0x13c D:/devkitpro/libctru/lib\libctru.a(decode_utf8.o)
                0x0000000000115b4c                decode_utf8
 .text.utf8_to_utf16
                0x0000000000115c88       0xc0 D:/devkitpro/libctru/lib\libctru.a(utf8_to_utf16.o)
                0x0000000000115c88                utf8_to_utf16
 .text.__aeabi_read_tp
                0x0000000000115d48        0xc D:/devkitpro/libctru/lib\libctru.a(readtp.o)
                0x0000000000115d48                __aeabi_read_tp
 .text.encode_utf16
                0x0000000000115d54       0x60 D:/devkitpro/libctru/lib\libctru.a(encode_utf16.o)
                0x0000000000115d54                encode_utf16
 .text.encode_utf8
                0x0000000000115db4       0xfc D:/devkitpro/libctru/lib\libctru.a(encode_utf8.o)
                0x0000000000115db4                encode_utf8
 .text.cosf     0x0000000000115eb0      0x22c d:/devkitpro/devkitarm/bin/../lib/gcc/arm-none-eabi/10.2.0/../../../../arm-none-eabi/lib/armv6k/fpu\libm.a(lib_a-cosf.o)
                0x0000000000115eb0                cosf
 .text.with_errnof
                0x00000000001160dc       0x24 d:/devkitpro/devkitarm/bin/../lib/gcc/arm-none-eabi/10.2.0/../../../../arm-none-eabi/lib/armv6k/fpu\libm.a(lib_a-math_errf.o)
 .text.__math_invalidf
                0x0000000000116100       0x1c d:/devkitpro/devkitarm/bin/../lib/gcc/arm-none-eabi/10.2.0/../../../../arm-none-eabi/lib/armv6k/fpu\libm.a(lib_a-math_errf.o)
                0x0000000000116100                __math_invalidf
 *fill*         0x000000000011611c        0x4 
 .text.cos      0x0000000000116120       0xc0 d:/devkitpro/devkitarm/bin/../lib/gcc/arm-none-eabi/10.2.0/../../../../arm-none-eabi/lib/armv6k/fpu\libm.a(lib_a-s_cos.o)
                0x0000000000116120                cos
 .text.ceilf    0x00000000001161e0       0xb4 d:/devkitpro/devkitarm/bin/../lib/gcc/arm-none-eabi/10.2.0/../../../../arm-none-eabi/lib/armv6k/fpu\libm.a(lib_a-sf_ceil.o)
                0x00000000001161e0                ceilf
 .text.floorf   0x0000000000116294       0xb4 d:/devkitpro/devkitarm/bin/../lib/gcc/arm-none-eabi/10.2.0/../../../../arm-none-eabi/lib/armv6k/fpu\libm.a(lib_a-sf_floor.o)
                0x0000000000116294                floorf
 .text.roundf   0x0000000000116348       0x70 d:/devkitpro/devkitarm/bin/../lib/gcc/arm-none-eabi/10.2.0/../../../../arm-none-eabi/lib/armv6k/fpu\libm.a(lib_a-sf_round.o)
                0x0000000000116348                roundf
 .text.tanf     0x00000000001163b8       0x70 d:/devkitpro/devkitarm/bin/../lib/gcc/arm-none-eabi/10.2.0/../../../../arm-none-eabi/lib/armv6k/fpu\libm.a(lib_a-sf_tan.o)
                0x00000000001163b8                tanf
 .text.sinf     0x0000000000116428      0x274 d:/devkitpro/devkitarm/bin/../lib/gcc/arm-none-eabi/10.2.0/../../../../arm-none-eabi/lib/armv6k/fpu\libm.a(lib_a-sinf.o)
                0x0000000000116428                sinf
 *fill*         0x000000000011669c        0x4 
 .text.sin      0x00000000001166a0       0xc8 d:/devkitpro/devkitarm/bin/../lib/gcc/arm-none-eabi/10.2.0/../../../../arm-none-eabi/lib/armv6k/fpu\libm.a(lib_a-s_sin.o)
                0x00000000001166a0                sin
 .text.__ieee754_rem_pio2f
                0x0000000000116768      0x2f0 d:/devkitpro/devkitarm/bin/../lib/gcc/arm-none-eabi/10.2.0/../../../../arm-none-eabi/lib/armv6k/fpu\libm.a(lib_a-ef_rem_pio2.o)
                0x0000000000116768                __ieee754_rem_pio2f
 .text.__ieee754_rem_pio2
                0x0000000000116a58      0x328 d:/devkitpro/devkitarm/bin/../lib/gcc/arm-none-eabi/10.2.0/../../../../arm-none-eabi/lib/armv6k/fpu\libm.a(lib_a-e_rem_pio2.o)
                0x0000000000116a58                __ieee754_rem_pio2
 .text.__kernel_cos
                0x0000000000116d80      0x158 d:/devkitpro/devkitarm/bin/../lib/gcc/arm-none-eabi/10.2.0/../../../../arm-none-eabi/lib/armv6k/fpu\libm.a(lib_a-k_cos.o)
                0x0000000000116d80                __kernel_cos
 .text.__kernel_rem_pio2f
                0x0000000000116ed8      0x868 d:/devkitpro/devkitarm/bin/../lib/gcc/arm-none-eabi/10.2.0/../../../../arm-none-eabi/lib/armv6k/fpu\libm.a(lib_a-kf_rem_pio2.o)
                0x0000000000116ed8                __kernel_rem_pio2f
 .text.__kernel_tanf
                0x0000000000117740      0x208 d:/devkitpro/devkitarm/bin/../lib/gcc/arm-none-eabi/10.2.0/../../../../arm-none-eabi/lib/armv6k/fpu\libm.a(lib_a-kf_tan.o)
                0x0000000000117740                __kernel_tanf
 .text.__kernel_rem_pio2
                0x0000000000117948      0x88c d:/devkitpro/devkitarm/bin/../lib/gcc/arm-none-eabi/10.2.0/../../../../arm-none-eabi/lib/armv6k/fpu\libm.a(lib_a-k_rem_pio2.o)
                0x0000000000117948                __kernel_rem_pio2
 *fill*         0x00000000001181d4        0x4 
 .text.__kernel_sin
                0x00000000001181d8       0xc0 d:/devkitpro/devkitarm/bin/../lib/gcc/arm-none-eabi/10.2.0/../../../../arm-none-eabi/lib/armv6k/fpu\libm.a(lib_a-k_sin.o)
                0x00000000001181d8                __kernel_sin
 .text.fabs     0x0000000000118298       0x14 d:/devkitpro/devkitarm/bin/../lib/gcc/arm-none-eabi/10.2.0/../../../../arm-none-eabi/lib/armv6k/fpu\libm.a(lib_a-s_fabs.o)
                0x0000000000118298                fabs
 .text.fabsf    0x00000000001182ac       0x10 d:/devkitpro/devkitarm/bin/../lib/gcc/arm-none-eabi/10.2.0/../../../../arm-none-eabi/lib/armv6k/fpu\libm.a(lib_a-sf_fabs.o)
                0x00000000001182ac                fabsf
 *fill*         0x00000000001182bc        0x4 
 .text.floor    0x00000000001182c0      0x164 d:/devkitpro/devkitarm/bin/../lib/gcc/arm-none-eabi/10.2.0/../../../../arm-none-eabi/lib/armv6k/fpu\libm.a(lib_a-s_floor.o)
                0x00000000001182c0                floor
 .text.scalbnf  0x0000000000118424      0x154 d:/devkitpro/devkitarm/bin/../lib/gcc/arm-none-eabi/10.2.0/../../../../arm-none-eabi/lib/armv6k/fpu\libm.a(lib_a-sf_scalbn.o)
                0x0000000000118424                scalbnf
 .text.scalbn   0x0000000000118578      0x138 d:/devkitpro/devkitarm/bin/../lib/gcc/arm-none-eabi/10.2.0/../../../../arm-none-eabi/lib/armv6k/fpu\libm.a(lib_a-s_scalbn.o)
                0x0000000000118578                scalbn
 .text.__udivmoddi4
                0x00000000001186b0      0x120 d:/devkitpro/devkitarm/bin/../lib/gcc/arm-none-eabi/10.2.0/armv6k/fpu\libgcc.a(_udivmoddi4.o)
                0x00000000001186b0                __udivmoddi4
 .text.bsearch  0x00000000001187d0       0x78 d:/devkitpro/devkitarm/bin/../lib/gcc/arm-none-eabi/10.2.0/../../../../arm-none-eabi/lib/armv6k/fpu\libg.a(lib_a-bsearch.o)
                0x00000000001187d0                bsearch
 .text.calloc   0x0000000000118848       0x28 d:/devkitpro/devkitarm/bin/../lib/gcc/arm-none-eabi/10.2.0/../../../../arm-none-eabi/lib/armv6k/fpu\libg.a(lib_a-calloc.o)
                0x0000000000118848                calloc
 .text._calloc_r
                0x0000000000118870       0x94 d:/devkitpro/devkitarm/bin/../lib/gcc/arm-none-eabi/10.2.0/../../../../arm-none-eabi/lib/armv6k/fpu\libg.a(lib_a-callocr.o)
                0x0000000000118870                _calloc_r
 .text.__errno  0x0000000000118904        0xc d:/devkitpro/devkitarm/bin/../lib/gcc/arm-none-eabi/10.2.0/../../../../arm-none-eabi/lib/armv6k/fpu\libg.a(lib_a-errno.o)
                0x0000000000118904                __errno
 .text.exit     0x0000000000118910       0x34 d:/devkitpro/devkitarm/bin/../lib/gcc/arm-none-eabi/10.2.0/../../../../arm-none-eabi/lib/armv6k/fpu\libg.a(lib_a-exit.o)
                0x0000000000118910                exit
 .text.__sflush_r
                0x0000000000118944      0x258 d:/devkitpro/devkitarm/bin/../lib/gcc/arm-none-eabi/10.2.0/../../../../arm-none-eabi/lib/armv6k/fpu\libg.a(lib_a-fflush.o)
                0x0000000000118944                __sflush_r
 .text._fflush_r
                0x0000000000118b9c       0x94 d:/devkitpro/devkitarm/bin/../lib/gcc/arm-none-eabi/10.2.0/../../../../arm-none-eabi/lib/armv6k/fpu\libg.a(lib_a-fflush.o)
                0x0000000000118b9c                _fflush_r
 .text.fflush   0x0000000000118c30       0x38 d:/devkitpro/devkitarm/bin/../lib/gcc/arm-none-eabi/10.2.0/../../../../arm-none-eabi/lib/armv6k/fpu\libg.a(lib_a-fflush.o)
                0x0000000000118c30                fflush
 .text._cleanup_r
                0x0000000000118c68        0xc d:/devkitpro/devkitarm/bin/../lib/gcc/arm-none-eabi/10.2.0/../../../../arm-none-eabi/lib/armv6k/fpu\libg.a(lib_a-findfp.o)
                0x0000000000118c68                _cleanup_r
 .text.__sinit  0x0000000000118c74      0x184 d:/devkitpro/devkitarm/bin/../lib/gcc/arm-none-eabi/10.2.0/../../../../arm-none-eabi/lib/armv6k/fpu\libg.a(lib_a-findfp.o)
                0x0000000000118c74                __sinit
 .text.__sfp_lock_acquire
                0x0000000000118df8        0xc d:/devkitpro/devkitarm/bin/../lib/gcc/arm-none-eabi/10.2.0/../../../../arm-none-eabi/lib/armv6k/fpu\libg.a(lib_a-findfp.o)
                0x0000000000118df8                __sfp_lock_acquire
 .text.__sfp_lock_release
                0x0000000000118e04        0xc d:/devkitpro/devkitarm/bin/../lib/gcc/arm-none-eabi/10.2.0/../../../../arm-none-eabi/lib/armv6k/fpu\libg.a(lib_a-findfp.o)
                0x0000000000118e04                __sfp_lock_release
 .text.__libc_fini_array
                0x0000000000118e10       0x3c d:/devkitpro/devkitarm/bin/../lib/gcc/arm-none-eabi/10.2.0/../../../../arm-none-eabi/lib/armv6k/fpu\libg.a(lib_a-fini.o)
                0x0000000000118e10                __libc_fini_array
 .text._malloc_trim_r
                0x0000000000118e4c       0xf8 d:/devkitpro/devkitarm/bin/../lib/gcc/arm-none-eabi/10.2.0/../../../../arm-none-eabi/lib/armv6k/fpu\libg.a(lib_a-freer.o)
                0x0000000000118e4c                _malloc_trim_r
 .text._free_r  0x0000000000118f44      0x2e4 d:/devkitpro/devkitarm/bin/../lib/gcc/arm-none-eabi/10.2.0/../../../../arm-none-eabi/lib/armv6k/fpu\libg.a(lib_a-freer.o)
                0x0000000000118f44                _free_r
 .text._fwalk_reent
                0x0000000000119228       0x70 d:/devkitpro/devkitarm/bin/../lib/gcc/arm-none-eabi/10.2.0/../../../../arm-none-eabi/lib/armv6k/fpu\libg.a(lib_a-fwalk.o)
                0x0000000000119228                _fwalk_reent
 .text.__libc_init_array
                0x0000000000119298       0x7c d:/devkitpro/devkitarm/bin/../lib/gcc/arm-none-eabi/10.2.0/../../../../arm-none-eabi/lib/armv6k/fpu\libg.a(lib_a-init.o)
                0x0000000000119298                __libc_init_array
 .text.memalign
                0x0000000000119314       0x28 d:/devkitpro/devkitarm/bin/../lib/gcc/arm-none-eabi/10.2.0/../../../../arm-none-eabi/lib/armv6k/fpu\libg.a(lib_a-malign.o)
                0x0000000000119314                memalign
 .text._memalign_r
                0x000000000011933c      0x148 d:/devkitpro/devkitarm/bin/../lib/gcc/arm-none-eabi/10.2.0/../../../../arm-none-eabi/lib/armv6k/fpu\libg.a(lib_a-malignr.o)
                0x000000000011933c                _memalign_r
 .text.malloc   0x0000000000119484       0x20 d:/devkitpro/devkitarm/bin/../lib/gcc/arm-none-eabi/10.2.0/../../../../arm-none-eabi/lib/armv6k/fpu\libg.a(lib_a-malloc.o)
                0x0000000000119484                malloc
 .text.free     0x00000000001194a4       0x20 d:/devkitpro/devkitarm/bin/../lib/gcc/arm-none-eabi/10.2.0/../../../../arm-none-eabi/lib/armv6k/fpu\libg.a(lib_a-malloc.o)
                0x00000000001194a4                free
 .text._malloc_r
                0x00000000001194c4      0x7f0 d:/devkitpro/devkitarm/bin/../lib/gcc/arm-none-eabi/10.2.0/../../../../arm-none-eabi/lib/armv6k/fpu\libg.a(lib_a-mallocr.o)
                0x00000000001194c4                _malloc_r
 .text.memchr   0x0000000000119cb4       0xe0 d:/devkitpro/devkitarm/bin/../lib/gcc/arm-none-eabi/10.2.0/../../../../arm-none-eabi/lib/armv6k/fpu\libg.a(lib_a-memchr-stub.o)
                0x0000000000119cb4                memchr
 .text.memcpy   0x0000000000119d94      0x11c d:/devkitpro/devkitarm/bin/../lib/gcc/arm-none-eabi/10.2.0/../../../../arm-none-eabi/lib/armv6k/fpu\libg.a(lib_a-memcpy-stub.o)
                0x0000000000119d94                memcpy
 .text.memset   0x0000000000119eb0      0x118 d:/devkitpro/devkitarm/bin/../lib/gcc/arm-none-eabi/10.2.0/../../../../arm-none-eabi/lib/armv6k/fpu\libg.a(lib_a-memset.o)
                0x0000000000119eb0                memset
 .text.__malloc_lock
                0x0000000000119fc8        0xc d:/devkitpro/devkitarm/bin/../lib/gcc/arm-none-eabi/10.2.0/../../../../arm-none-eabi/lib/armv6k/fpu\libg.a(lib_a-mlock.o)
                0x0000000000119fc8                __malloc_lock
 .text.__malloc_unlock
                0x0000000000119fd4        0xc d:/devkitpro/devkitarm/bin/../lib/gcc/arm-none-eabi/10.2.0/../../../../arm-none-eabi/lib/armv6k/fpu\libg.a(lib_a-mlock.o)
                0x0000000000119fd4                __malloc_unlock
 .text.printf   0x0000000000119fe0       0x34 d:/devkitpro/devkitarm/bin/../lib/gcc/arm-none-eabi/10.2.0/../../../../arm-none-eabi/lib/armv6k/fpu\libg.a(lib_a-printf.o)
                0x0000000000119fe0                printf
 .text.srand    0x000000000011a014       0x1c d:/devkitpro/devkitarm/bin/../lib/gcc/arm-none-eabi/10.2.0/../../../../arm-none-eabi/lib/armv6k/fpu\libg.a(lib_a-rand.o)
                0x000000000011a014                srand
 .text.rand     0x000000000011a030       0x44 d:/devkitpro/devkitarm/bin/../lib/gcc/arm-none-eabi/10.2.0/../../../../arm-none-eabi/lib/armv6k/fpu\libg.a(lib_a-rand.o)
                0x000000000011a030                rand
 .text.setvbuf  0x000000000011a074      0x260 d:/devkitpro/devkitarm/bin/../lib/gcc/arm-none-eabi/10.2.0/../../../../arm-none-eabi/lib/armv6k/fpu\libg.a(lib_a-setvbuf.o)
                0x000000000011a074                setvbuf
 .text.sscanf   0x000000000011a2d4       0x74 d:/devkitpro/devkitarm/bin/../lib/gcc/arm-none-eabi/10.2.0/../../../../arm-none-eabi/lib/armv6k/fpu\libg.a(lib_a-sscanf.o)
                0x000000000011a2d4                sscanf
 .text.__sread  0x000000000011a348       0x44 d:/devkitpro/devkitarm/bin/../lib/gcc/arm-none-eabi/10.2.0/../../../../arm-none-eabi/lib/armv6k/fpu\libg.a(lib_a-stdio.o)
                0x000000000011a348                __sread
 .text.__seofread
                0x000000000011a38c        0x8 d:/devkitpro/devkitarm/bin/../lib/gcc/arm-none-eabi/10.2.0/../../../../arm-none-eabi/lib/armv6k/fpu\libg.a(lib_a-stdio.o)
                0x000000000011a38c                __seofread
 .text.__swrite
                0x000000000011a394       0x68 d:/devkitpro/devkitarm/bin/../lib/gcc/arm-none-eabi/10.2.0/../../../../arm-none-eabi/lib/armv6k/fpu\libg.a(lib_a-stdio.o)
                0x000000000011a394                __swrite
 .text.__sseek  0x000000000011a3fc       0x48 d:/devkitpro/devkitarm/bin/../lib/gcc/arm-none-eabi/10.2.0/../../../../arm-none-eabi/lib/armv6k/fpu\libg.a(lib_a-stdio.o)
                0x000000000011a3fc                __sseek
 .text.__sclose
                0x000000000011a444        0x8 d:/devkitpro/devkitarm/bin/../lib/gcc/arm-none-eabi/10.2.0/../../../../arm-none-eabi/lib/armv6k/fpu\libg.a(lib_a-stdio.o)
                0x000000000011a444                __sclose
 .text.strlen   0x000000000011a44c       0x5c d:/devkitpro/devkitarm/bin/../lib/gcc/arm-none-eabi/10.2.0/../../../../arm-none-eabi/lib/armv6k/fpu\libg.a(lib_a-strlen-stub.o)
                0x000000000011a44c                strlen
 .text.strncat  0x000000000011a4a8       0xec d:/devkitpro/devkitarm/bin/../lib/gcc/arm-none-eabi/10.2.0/../../../../arm-none-eabi/lib/armv6k/fpu\libg.a(lib_a-strncat.o)
                0x000000000011a4a8                strncat
 .text.strncmp  0x000000000011a594       0xdc d:/devkitpro/devkitarm/bin/../lib/gcc/arm-none-eabi/10.2.0/../../../../arm-none-eabi/lib/armv6k/fpu\libg.a(lib_a-strncmp.o)
                0x000000000011a594                strncmp
 .text.strncpy  0x000000000011a670       0xc0 d:/devkitpro/devkitarm/bin/../lib/gcc/arm-none-eabi/10.2.0/../../../../arm-none-eabi/lib/armv6k/fpu\libg.a(lib_a-strncpy.o)
                0x000000000011a670                strncpy
 .text.strnlen  0x000000000011a730       0x48 d:/devkitpro/devkitarm/bin/../lib/gcc/arm-none-eabi/10.2.0/../../../../arm-none-eabi/lib/armv6k/fpu\libg.a(lib_a-strnlen.o)
                0x000000000011a730                strnlen
 .text.get_arg  0x000000000011a778       0x50 d:/devkitpro/devkitarm/bin/../lib/gcc/arm-none-eabi/10.2.0/../../../../arm-none-eabi/lib/armv6k/fpu\libg.a(lib_a-svfscanf.o)
 .text.__ssvfscanf_r
                0x000000000011a7c8     0x2b68 d:/devkitpro/devkitarm/bin/../lib/gcc/arm-none-eabi/10.2.0/../../../../arm-none-eabi/lib/armv6k/fpu\libg.a(lib_a-svfscanf.o)
                0x000000000011a7c8                __ssvfscanf_r
 .text.time     0x000000000011d330       0x3c d:/devkitpro/devkitarm/bin/../lib/gcc/arm-none-eabi/10.2.0/../../../../arm-none-eabi/lib/armv6k/fpu\libg.a(lib_a-time.o)
                0x000000000011d330                time
 .text.get_arg  0x000000000011d36c      0x64c d:/devkitpro/devkitarm/bin/../lib/gcc/arm-none-eabi/10.2.0/../../../../arm-none-eabi/lib/armv6k/fpu\libg.a(lib_a-vfiprintf.o)
 .text.__sprint_r
                0x000000000011d9b8       0x34 d:/devkitpro/devkitarm/bin/../lib/gcc/arm-none-eabi/10.2.0/../../../../arm-none-eabi/lib/armv6k/fpu\libg.a(lib_a-vfiprintf.o)
                0x000000000011d9b8                __sprint_r
 .text._vfiprintf_r
                0x000000000011d9ec     0x2584 d:/devkitpro/devkitarm/bin/../lib/gcc/arm-none-eabi/10.2.0/../../../../arm-none-eabi/lib/armv6k/fpu\libg.a(lib_a-vfiprintf.o)
                0x000000000011d9ec                _vfiprintf_r
 .text.__sbprintf
                0x000000000011ff70       0xd4 d:/devkitpro/devkitarm/bin/../lib/gcc/arm-none-eabi/10.2.0/../../../../arm-none-eabi/lib/armv6k/fpu\libg.a(lib_a-vfiprintf.o)
 .text.get_arg  0x0000000000120044      0x64c d:/devkitpro/devkitarm/bin/../lib/gcc/arm-none-eabi/10.2.0/../../../../arm-none-eabi/lib/armv6k/fpu\libg.a(lib_a-vfprintf.o)
 .text._vfprintf_r
                0x0000000000120690     0x38d4 d:/devkitpro/devkitarm/bin/../lib/gcc/arm-none-eabi/10.2.0/../../../../arm-none-eabi/lib/armv6k/fpu\libg.a(lib_a-vfprintf.o)
                0x0000000000120690                _vfprintf_r
 .text.__sbprintf
                0x0000000000123f64       0xd4 d:/devkitpro/devkitarm/bin/../lib/gcc/arm-none-eabi/10.2.0/../../../../arm-none-eabi/lib/armv6k/fpu\libg.a(lib_a-vfprintf.o)
 .text._wcrtomb_r
                0x0000000000124038       0x54 d:/devkitpro/devkitarm/bin/../lib/gcc/arm-none-eabi/10.2.0/../../../../arm-none-eabi/lib/armv6k/fpu\libg.a(lib_a-wcrtomb.o)
                0x0000000000124038                _wcrtomb_r
 .text._wcsrtombs_r
                0x000000000012408c       0x28 d:/devkitpro/devkitarm/bin/../lib/gcc/arm-none-eabi/10.2.0/../../../../arm-none-eabi/lib/armv6k/fpu\libg.a(lib_a-wcsrtombs.o)
                0x000000000012408c                _wcsrtombs_r
 .text.__swsetup_r
                0x00000000001240b4      0x154 d:/devkitpro/devkitarm/bin/../lib/gcc/arm-none-eabi/10.2.0/../../../../arm-none-eabi/lib/armv6k/fpu\libg.a(lib_a-wsetup.o)
                0x00000000001240b4                __swsetup_r
 .text.__call_exitprocs
                0x0000000000124208      0x114 d:/devkitpro/devkitarm/bin/../lib/gcc/arm-none-eabi/10.2.0/../../../../arm-none-eabi/lib/armv6k/fpu\libg.a(lib_a-__call_atexit.o)
                0x0000000000124208                __call_exitprocs
 .text.quorem   0x000000000012431c      0x1a8 d:/devkitpro/devkitarm/bin/../lib/gcc/arm-none-eabi/10.2.0/../../../../arm-none-eabi/lib/armv6k/fpu\libg.a(lib_a-dtoa.o)
 *fill*         0x00000000001244c4        0x4 
 .text._dtoa_r  0x00000000001244c8     0x12ec d:/devkitpro/devkitarm/bin/../lib/gcc/arm-none-eabi/10.2.0/../../../../arm-none-eabi/lib/armv6k/fpu\libg.a(lib_a-dtoa.o)
                0x00000000001244c8                _dtoa_r
 .text._fclose_r
                0x00000000001257b4      0x160 d:/devkitpro/devkitarm/bin/../lib/gcc/arm-none-eabi/10.2.0/../../../../arm-none-eabi/lib/armv6k/fpu\libg.a(lib_a-fclose.o)
                0x00000000001257b4                _fclose_r
 .text.__sfvwrite_r
                0x0000000000125914      0x4a4 d:/devkitpro/devkitarm/bin/../lib/gcc/arm-none-eabi/10.2.0/../../../../arm-none-eabi/lib/armv6k/fpu\libg.a(lib_a-fvwrite.o)
                0x0000000000125914                __sfvwrite_r
 .text.iswspace
                0x0000000000125db8        0x8 d:/devkitpro/devkitarm/bin/../lib/gcc/arm-none-eabi/10.2.0/../../../../arm-none-eabi/lib/armv6k/fpu\libg.a(lib_a-iswspace.o)
                0x0000000000125db8                iswspace
 .text._localeconv_r
                0x0000000000125dc0        0xc d:/devkitpro/devkitarm/bin/../lib/gcc/arm-none-eabi/10.2.0/../../../../arm-none-eabi/lib/armv6k/fpu\libg.a(lib_a-localeconv.o)
                0x0000000000125dc0                _localeconv_r
 .text.__locale_mb_cur_max
                0x0000000000125dcc       0x10 d:/devkitpro/devkitarm/bin/../lib/gcc/arm-none-eabi/10.2.0/../../../../arm-none-eabi/lib/armv6k/fpu\libg.a(lib_a-locale.o)
                0x0000000000125dcc                __locale_mb_cur_max
 .text.__smakebuf_r
                0x0000000000125ddc      0x138 d:/devkitpro/devkitarm/bin/../lib/gcc/arm-none-eabi/10.2.0/../../../../arm-none-eabi/lib/armv6k/fpu\libg.a(lib_a-makebuf.o)
                0x0000000000125ddc                __smakebuf_r
 .text.__swhatbuf_r
                0x0000000000125f14       0x94 d:/devkitpro/devkitarm/bin/../lib/gcc/arm-none-eabi/10.2.0/../../../../arm-none-eabi/lib/armv6k/fpu\libg.a(lib_a-makebuf.o)
                0x0000000000125f14                __swhatbuf_r
 .text._mbrtowc_r
                0x0000000000125fa8       0x68 d:/devkitpro/devkitarm/bin/../lib/gcc/arm-none-eabi/10.2.0/../../../../arm-none-eabi/lib/armv6k/fpu\libg.a(lib_a-mbrtowc.o)
                0x0000000000125fa8                _mbrtowc_r
 .text.__utf8_mbtowc
                0x0000000000126010      0x2fc d:/devkitpro/devkitarm/bin/../lib/gcc/arm-none-eabi/10.2.0/../../../../arm-none-eabi/lib/armv6k/fpu\libg.a(lib_a-mbtowc_r.o)
                0x0000000000126010                __utf8_mbtowc
 .text.memmove  0x000000000012630c      0x154 d:/devkitpro/devkitarm/bin/../lib/gcc/arm-none-eabi/10.2.0/../../../../arm-none-eabi/lib/armv6k/fpu\libg.a(lib_a-memmove.o)
                0x000000000012630c                memmove
 .text._Balloc  0x0000000000126460       0x88 d:/devkitpro/devkitarm/bin/../lib/gcc/arm-none-eabi/10.2.0/../../../../arm-none-eabi/lib/armv6k/fpu\libg.a(lib_a-mprec.o)
                0x0000000000126460                _Balloc
 .text._Bfree   0x00000000001264e8       0x1c d:/devkitpro/devkitarm/bin/../lib/gcc/arm-none-eabi/10.2.0/../../../../arm-none-eabi/lib/armv6k/fpu\libg.a(lib_a-mprec.o)
                0x00000000001264e8                _Bfree
 .text.__multadd
                0x0000000000126504       0xf4 d:/devkitpro/devkitarm/bin/../lib/gcc/arm-none-eabi/10.2.0/../../../../arm-none-eabi/lib/armv6k/fpu\libg.a(lib_a-mprec.o)
                0x0000000000126504                __multadd
 .text.__s2b    0x00000000001265f8      0x110 d:/devkitpro/devkitarm/bin/../lib/gcc/arm-none-eabi/10.2.0/../../../../arm-none-eabi/lib/armv6k/fpu\libg.a(lib_a-mprec.o)
                0x00000000001265f8                __s2b
 .text.__hi0bits
                0x0000000000126708       0x58 d:/devkitpro/devkitarm/bin/../lib/gcc/arm-none-eabi/10.2.0/../../../../arm-none-eabi/lib/armv6k/fpu\libg.a(lib_a-mprec.o)
                0x0000000000126708                __hi0bits
 .text.__lo0bits
                0x0000000000126760       0x9c d:/devkitpro/devkitarm/bin/../lib/gcc/arm-none-eabi/10.2.0/../../../../arm-none-eabi/lib/armv6k/fpu\libg.a(lib_a-mprec.o)
                0x0000000000126760                __lo0bits
 .text.__i2b    0x00000000001267fc       0xa4 d:/devkitpro/devkitarm/bin/../lib/gcc/arm-none-eabi/10.2.0/../../../../arm-none-eabi/lib/armv6k/fpu\libg.a(lib_a-mprec.o)
                0x00000000001267fc                __i2b
 .text.__multiply
                0x00000000001268a0      0x204 d:/devkitpro/devkitarm/bin/../lib/gcc/arm-none-eabi/10.2.0/../../../../arm-none-eabi/lib/armv6k/fpu\libg.a(lib_a-mprec.o)
                0x00000000001268a0                __multiply
 .text.__pow5mult
                0x0000000000126aa4      0x120 d:/devkitpro/devkitarm/bin/../lib/gcc/arm-none-eabi/10.2.0/../../../../arm-none-eabi/lib/armv6k/fpu\libg.a(lib_a-mprec.o)
                0x0000000000126aa4                __pow5mult
 .text.__lshift
                0x0000000000126bc4      0x13c d:/devkitpro/devkitarm/bin/../lib/gcc/arm-none-eabi/10.2.0/../../../../arm-none-eabi/lib/armv6k/fpu\libg.a(lib_a-mprec.o)
                0x0000000000126bc4                __lshift
 .text.__mcmp   0x0000000000126d00       0x58 d:/devkitpro/devkitarm/bin/../lib/gcc/arm-none-eabi/10.2.0/../../../../arm-none-eabi/lib/armv6k/fpu\libg.a(lib_a-mprec.o)
                0x0000000000126d00                __mcmp
 .text.__mdiff  0x0000000000126d58      0x1cc d:/devkitpro/devkitarm/bin/../lib/gcc/arm-none-eabi/10.2.0/../../../../arm-none-eabi/lib/armv6k/fpu\libg.a(lib_a-mprec.o)
                0x0000000000126d58                __mdiff
 .text.__ulp    0x0000000000126f24       0x88 d:/devkitpro/devkitarm/bin/../lib/gcc/arm-none-eabi/10.2.0/../../../../arm-none-eabi/lib/armv6k/fpu\libg.a(lib_a-mprec.o)
                0x0000000000126f24                __ulp
 .text.__b2d    0x0000000000126fac       0xd4 d:/devkitpro/devkitarm/bin/../lib/gcc/arm-none-eabi/10.2.0/../../../../arm-none-eabi/lib/armv6k/fpu\libg.a(lib_a-mprec.o)
                0x0000000000126fac                __b2d
 .text.__d2b    0x0000000000127080      0x12c d:/devkitpro/devkitarm/bin/../lib/gcc/arm-none-eabi/10.2.0/../../../../arm-none-eabi/lib/armv6k/fpu\libg.a(lib_a-mprec.o)
                0x0000000000127080                __d2b
 .text.__ratio  0x00000000001271ac       0x78 d:/devkitpro/devkitarm/bin/../lib/gcc/arm-none-eabi/10.2.0/../../../../arm-none-eabi/lib/armv6k/fpu\libg.a(lib_a-mprec.o)
                0x00000000001271ac                __ratio
 .text.__copybits
                0x0000000000127224       0x88 d:/devkitpro/devkitarm/bin/../lib/gcc/arm-none-eabi/10.2.0/../../../../arm-none-eabi/lib/armv6k/fpu\libg.a(lib_a-mprec.o)
                0x0000000000127224                __copybits
 .text.__any_on
                0x00000000001272ac       0x5c d:/devkitpro/devkitarm/bin/../lib/gcc/arm-none-eabi/10.2.0/../../../../arm-none-eabi/lib/armv6k/fpu\libg.a(lib_a-mprec.o)
                0x00000000001272ac                __any_on
 .text.realloc  0x0000000000127308       0x28 d:/devkitpro/devkitarm/bin/../lib/gcc/arm-none-eabi/10.2.0/../../../../arm-none-eabi/lib/armv6k/fpu\libg.a(lib_a-realloc.o)
                0x0000000000127308                realloc
 .text._realloc_r
                0x0000000000127330      0x598 d:/devkitpro/devkitarm/bin/../lib/gcc/arm-none-eabi/10.2.0/../../../../arm-none-eabi/lib/armv6k/fpu\libg.a(lib_a-reallocr.o)
                0x0000000000127330                _realloc_r
 .text.__sccl   0x00000000001278c8       0xe4 d:/devkitpro/devkitarm/bin/../lib/gcc/arm-none-eabi/10.2.0/../../../../arm-none-eabi/lib/armv6k/fpu\libg.a(lib_a-sccl.o)
                0x00000000001278c8                __sccl
 .text.nanf     0x00000000001279ac        0xc d:/devkitpro/devkitarm/bin/../lib/gcc/arm-none-eabi/10.2.0/../../../../arm-none-eabi/lib/armv6k/fpu\libg.a(lib_a-sf_nan.o)
                0x00000000001279ac                nanf
 .text.frexp    0x00000000001279b8       0xa8 d:/devkitpro/devkitarm/bin/../lib/gcc/arm-none-eabi/10.2.0/../../../../arm-none-eabi/lib/armv6k/fpu\libg.a(lib_a-s_frexp.o)
                0x00000000001279b8                frexp
 .text.sprintf  0x0000000000127a60       0x64 d:/devkitpro/devkitarm/bin/../lib/gcc/arm-none-eabi/10.2.0/../../../../arm-none-eabi/lib/armv6k/fpu\libg.a(lib_a-sprintf.o)
                0x0000000000127a60                sprintf
 .text.stpncpy  0x0000000000127ac4       0xb8 d:/devkitpro/devkitarm/bin/../lib/gcc/arm-none-eabi/10.2.0/../../../../arm-none-eabi/lib/armv6k/fpu\libg.a(lib_a-stpncpy.o)
                0x0000000000127ac4                stpncpy
 .text.strchr   0x0000000000127b7c      0x144 d:/devkitpro/devkitarm/bin/../lib/gcc/arm-none-eabi/10.2.0/../../../../arm-none-eabi/lib/armv6k/fpu\libg.a(lib_a-strchr.o)
                0x0000000000127b7c                strchr
 .text._strtod_l
                0x0000000000127cc0     0x130c d:/devkitpro/devkitarm/bin/../lib/gcc/arm-none-eabi/10.2.0/../../../../arm-none-eabi/lib/armv6k/fpu\libg.a(lib_a-strtod.o)
                0x0000000000127cc0                _strtod_l
 .text._strtod_r
                0x0000000000128fcc        0xc d:/devkitpro/devkitarm/bin/../lib/gcc/arm-none-eabi/10.2.0/../../../../arm-none-eabi/lib/armv6k/fpu\libg.a(lib_a-strtod.o)
                0x0000000000128fcc                _strtod_r
 .text._strtoll_l.constprop.0
                0x0000000000128fd8      0x22c d:/devkitpro/devkitarm/bin/../lib/gcc/arm-none-eabi/10.2.0/../../../../arm-none-eabi/lib/armv6k/fpu\libg.a(lib_a-strtoll.o)
 .text._strtoll_r
                0x0000000000129204        0x4 d:/devkitpro/devkitarm/bin/../lib/gcc/arm-none-eabi/10.2.0/../../../../arm-none-eabi/lib/armv6k/fpu\libg.a(lib_a-strtoll.o)
                0x0000000000129204                _strtoll_r
 .text._strtol_l.part.0
                0x0000000000129208      0x1b0 d:/devkitpro/devkitarm/bin/../lib/gcc/arm-none-eabi/10.2.0/../../../../arm-none-eabi/lib/armv6k/fpu\libg.a(lib_a-strtol.o)
 .text._strtol_r
                0x00000000001293b8       0x3c d:/devkitpro/devkitarm/bin/../lib/gcc/arm-none-eabi/10.2.0/../../../../arm-none-eabi/lib/armv6k/fpu\libg.a(lib_a-strtol.o)
                0x00000000001293b8                _strtol_r
 .text._strtoull_l.constprop.0
                0x00000000001293f4      0x244 d:/devkitpro/devkitarm/bin/../lib/gcc/arm-none-eabi/10.2.0/../../../../arm-none-eabi/lib/armv6k/fpu\libg.a(lib_a-strtoull.o)
 .text._strtoull_r